Archive member included to satisfy reference by file (symbol)

/Applications/VEXcode Pro V5.app/Contents/Resources/sdk/vexv5/libv5rt.a(v5_startup.c.obj)
                              (vexStartup)
/Applications/VEXcode Pro V5.app/Contents/Resources/sdk/vexv5/libv5rt.a(v5_util.c.obj)
                              /Applications/VEXcode Pro V5.app/Contents/Resources/sdk/vexv5/libv5rt.a(v5_startup.c.obj) (vexStdlibVersionLinked)
/Applications/VEXcode Pro V5.app/Contents/Resources/sdk/vexv5/libv5rt.a(v5_apijump.c.obj)
                              /Applications/VEXcode Pro V5.app/Contents/Resources/sdk/vexv5/libv5rt.a(v5_startup.c.obj) (vexPrivateApiEnable)
/Applications/VEXcode Pro V5.app/Contents/Resources/sdk/vexv5/libv5rt.a(v5_apiversions.c.obj)
                              /Applications/VEXcode Pro V5.app/Contents/Resources/sdk/vexv5/libv5rt.a(v5_apijump.c.obj) (vexSystemVersion)
/Applications/VEXcode Pro V5.app/Contents/Resources/sdk/vexv5/libv5rt.a(vex_global.cpp.obj)
                              build/src/Autons.o (vex::wait(double, vex::timeUnits))
/Applications/VEXcode Pro V5.app/Contents/Resources/sdk/vexv5/libv5rt.a(vex_motor.cpp.obj)
                              build/src/DriveFunctions.o (vex::motor::~motor())
/Applications/VEXcode Pro V5.app/Contents/Resources/sdk/vexv5/libv5rt.a(vex_imu.cpp.obj)
                              build/src/DriveFunctions.o (vex::inertial::~inertial())
/Applications/VEXcode Pro V5.app/Contents/Resources/sdk/vexv5/libv5rt.a(vex_controller.cpp.obj)
                              build/src/robot-config.o (vex::controller::~controller())
/Applications/VEXcode Pro V5.app/Contents/Resources/sdk/vexv5/libv5rt.a(vex_thread.cpp.obj)
                              /Applications/VEXcode Pro V5.app/Contents/Resources/sdk/vexv5/libv5rt.a(vex_global.cpp.obj) (vex::this_thread::sleep_for(unsigned long))
/Applications/VEXcode Pro V5.app/Contents/Resources/sdk/vexv5/libv5rt.a(vex_event.cpp.obj)
                              /Applications/VEXcode Pro V5.app/Contents/Resources/sdk/vexv5/libv5rt.a(vex_imu.cpp.obj) (vex::event::init(unsigned long, unsigned long, void (*)()))
/Applications/VEXcode Pro V5.app/Contents/Resources/sdk/vexv5/libv5rt.a(vex_mevent.cpp.obj)
                              /Applications/VEXcode Pro V5.app/Contents/Resources/sdk/vexv5/libv5rt.a(vex_controller.cpp.obj) (vex::mevent::mevent(unsigned long, unsigned long))
/Applications/VEXcode Pro V5.app/Contents/Resources/sdk/vexv5/libv5rt.a(vex_brain.cpp.obj)
                              build/src/DriveFunctions.o (vex::brain::timer(vex::timeUnits))
/Applications/VEXcode Pro V5.app/Contents/Resources/sdk/vexv5/libv5rt.a(vex_competition.cpp.obj)
                              build/src/main.o (vex::competition::competition())
/Applications/VEXcode Pro V5.app/Contents/Resources/sdk/vexv5/libv5rt.a(vex_triport.cpp.obj)
                              /Applications/VEXcode Pro V5.app/Contents/Resources/sdk/vexv5/libv5rt.a(vex_brain.cpp.obj) (vex::triport::~triport())
/Applications/VEXcode Pro V5.app/Contents/Resources/sdk/vexv5/libv5rt.a(vex_color.cpp.obj)
                              /Applications/VEXcode Pro V5.app/Contents/Resources/sdk/vexv5/libv5rt.a(vex_brain.cpp.obj) (vex::color::operator unsigned long() const)
/Applications/VEXcode Pro V5.app/Contents/Resources/sdk/vexv5/libv5rt.a(vex_timer.cpp.obj)
                              /Applications/VEXcode Pro V5.app/Contents/Resources/sdk/vexv5/libv5rt.a(vex_brain.cpp.obj) (vex::timer::~timer())
/Applications/VEXcode Pro V5.app/Contents/Resources/sdk/vexv5/libv5rt.a(v5_apiuser.c.obj)
                              /Applications/VEXcode Pro V5.app/Contents/Resources/sdk/vexv5/libv5rt.a(vex_triport.cpp.obj) (vexAdiPortConfigSet)
/Applications/VEXcode Pro V5.app/Contents/Resources/sdk/vexv5/libv5rt.a(vex_device.cpp.obj)
                              /Applications/VEXcode Pro V5.app/Contents/Resources/sdk/vexv5/libv5rt.a(vex_motor.cpp.obj) (vex::device::~device())
/Applications/VEXcode Pro V5.app/Contents/Resources/sdk/vexv5/libv5rt.a(vex_task.cpp.obj)
                              /Applications/VEXcode Pro V5.app/Contents/Resources/sdk/vexv5/libv5rt.a(vex_competition.cpp.obj) (vex::task::task(int (*)()))
/Applications/VEXcode Pro V5.app/Contents/Resources/sdk/vexv5/gcc/libs/libc.a(lib_a-aeabi_memclr.o)
                              build/src/DriveFunctions.o (__aeabi_memclr8)
/Applications/VEXcode Pro V5.app/Contents/Resources/sdk/vexv5/gcc/libs/libc.a(lib_a-aeabi_memcpy.o)
                              build/src/AutonSupport.o (__aeabi_memcpy)
/Applications/VEXcode Pro V5.app/Contents/Resources/sdk/vexv5/gcc/libs/libc.a(lib_a-aeabi_memset-soft.o)
                              /Applications/VEXcode Pro V5.app/Contents/Resources/sdk/vexv5/gcc/libs/libc.a(lib_a-aeabi_memclr.o) (__aeabi_memset)
/Applications/VEXcode Pro V5.app/Contents/Resources/sdk/vexv5/gcc/libs/libc.a(lib_a-fini.o)
[...]
Memory Configuration

Name             Origin             Length             Attributes
ps7_ddr_0_S_AXI_BASEADDR 0x0000000003800000 0x0000000004800000
*default*        0x0000000000000000 0xffffffffffffffff

Linker script and memory map

                0x0000000000002000                _STACK_SIZE = DEFINED (_STACK_SIZE)?_STACK_SIZE:0x2000
                0x0000000000100000                _HEAP_SIZE = DEFINED (_HEAP_SIZE)?_HEAP_SIZE:0x100000
                0x0000000000000400                _ABORT_STACK_SIZE = DEFINED (_ABORT_STACK_SIZE)?_ABORT_STACK_SIZE:0x400
                0x0000000000000800                _SUPERVISOR_STACK_SIZE = DEFINED (_SUPERVISOR_STACK_SIZE)?_SUPERVISOR_STACK_SIZE:0x800
                0x0000000000000400                _IRQ_STACK_SIZE = DEFINED (_IRQ_STACK_SIZE)?_IRQ_STACK_SIZE:0x400
                0x0000000000000400                _FIQ_STACK_SIZE = DEFINED (_FIQ_STACK_SIZE)?_FIQ_STACK_SIZE:0x400
                0x0000000000000400                _UNDEF_STACK_SIZE = DEFINED (_UNDEF_STACK_SIZE)?_UNDEF_STACK_SIZE:0x400

.text           0x0000000003800000     0x4f58
 *(.vectors)
 *(.boot_data)
 .boot_data     0x0000000003800000       0x20 /Applications/VEXcode Pro V5.app/Contents/Resources/sdk/vexv5/libv5rt.a(v5_startup.c.obj)
                0x0000000003800000                vexCodeSig
                0x0000000000000020                . = 0x20
 *(.boot)
 .boot          0x0000000003800020       0xbc /Applications/VEXcode Pro V5.app/Contents/Resources/sdk/vexv5/libv5rt.a(v5_startup.c.obj)
                0x0000000003800020                vexStartup
                0x0000000003800100                . = ALIGN (0x40)
 *fill*         0x00000000038000dc       0x24 
 *(.freertos_vectors)
 *(.text)
 .text          0x0000000003800100       0x9a /Applications/VEXcode Pro V5.app/Contents/Resources/sdk/vexv5/gcc/libs/libc.a(lib_a-aeabi_memset-soft.o)
                0x0000000003800100                __aeabi_memset4
                0x0000000003800100                __aeabi_memset8
                0x0000000003800100                __aeabi_memset
 *fill*         0x000000000380019a        0x2 
 .text          0x000000000380019c      0x370 /Applications/VEXcode Pro V5.app/Contents/Resources/sdk/vexv5/gcc/libs/libgcc.a(_arm_addsubdf3.o)
                0x000000000380019c                __aeabi_drsub
                0x00000000038001a4                __aeabi_dsub
                0x00000000038001a4                __subdf3
                0x00000000038001a8                __adddf3
                0x00000000038001a8                __aeabi_dadd
                0x0000000003800420                __floatunsidf
                0x0000000003800420                __aeabi_ui2d
                0x0000000003800440                __aeabi_i2d
                0x0000000003800440                __floatsidf
                0x0000000003800464                __extendsfdf2
                0x0000000003800464                __aeabi_f2d
                0x00000000038004a0                __aeabi_ul2d
                0x00000000038004a0                __floatundidf
                0x00000000038004b0                __floatdidf
                0x00000000038004b0                __aeabi_l2d
 *fill*         0x000000000380050c        0x4 
 .text          0x0000000003800510       0x48 /Applications/VEXcode Pro V5.app/Contents/Resources/sdk/vexv5/gcc/libs/libgcc.a(_fixunsdfdi.o)
                0x0000000003800510                __aeabi_d2ulz
                0x0000000003800510                __fixunsdfdi
 *(.text.*)
 .text._Z12Paint_Screenv
                0x0000000003800558       0x4c build/src/AutonSupport.o
                0x0000000003800558                Paint_Screen()
 .text._Z12cycle_autonsv
                0x00000000038005a4      0x128 build/src/AutonSupport.o
                0x00000000038005a4                cycle_autons()
 *fill*         0x00000000038006cc        0x4 
 .text._Z6Auton1v
                0x00000000038006d0       0xb0 build/src/Autons.o
                0x00000000038006d0                Auton1()
 .text._Z6Auton2v
                0x0000000003800780       0x5c build/src/Autons.o
                0x0000000003800780                Auton2()
 .text._Z6skillsv
                0x00000000038007dc      0x128 build/src/Autons.o
                0x00000000038007dc                skills()
 .text._Z9skills120v
                0x0000000003800904       0xd4 build/src/Autons.o
                0x0000000003800904                skills120()
 .text._Z6Auton3v
                0x00000000038009d8       0x30 build/src/Autons.o
                0x00000000038009d8                Auton3()
 .text._Z9userDrivev
                0x0000000003800a08      0x140 build/src/DriveFunctions.o
                0x0000000003800a08                userDrive()
 .text._Z10moveLinearfim
                0x0000000003800b48      0x434 build/src/DriveFunctions.o
                0x0000000003800b48                moveLinear(float, int, unsigned long)
 .text._Z8moveStopN3vex9brakeTypeE
                0x0000000003800f7c       0x50 build/src/DriveFunctions.o
                0x0000000003800f7c                moveStop(vex::brakeType)
 *fill*         0x0000000003800fcc        0x4 
 .text._Z10moveRotatesim
                0x0000000003800fd0      0x3dc build/src/DriveFunctions.o
                0x0000000003800fd0                moveRotate(short, int, unsigned long)
 .text._Z11setLinGainsddddi
                0x00000000038013ac       0x54 build/src/DriveFunctions.o
                0x00000000038013ac                setLinGains(double, double, double, double, int)
 .text._Z11setRotGainsddddi
                0x0000000003801400       0x54 build/src/DriveFunctions.o
                0x0000000003801400                setRotGains(double, double, double, double, int)
 .text._GLOBAL__sub_I_DriveFunctions.cpp
                0x0000000003801454      0x128 build/src/DriveFunctions.o
 *fill*         0x000000000380157c        0x4 
 .text._Z5clampb
                0x0000000003801580       0x98 build/src/Functions.o
                0x0000000003801580                clamp(bool)
 .text._Z8moveLiftbmh
                0x0000000003801618      0x1a0 build/src/Functions.o
                0x0000000003801618                moveLift(bool, unsigned long, unsigned char)
 .text._Z5Ringsv
                0x00000000038017b8      0x1cc build/src/Functions.o
                0x00000000038017b8                Rings()
 .text._Z12goalApproachi
                0x0000000003801984      0x148 build/src/Functions.o
                0x0000000003801984                goalApproach(int)
 .text._Z7pidInitP11pidStruct_tddddi
                0x0000000003801acc       0x50 build/src/PID.o
                0x0000000003801acc                pidInit(pidStruct_t*, double, double, double, double, int)
 *fill*         0x0000000003801b1c        0x4 
 .text._Z12pidCalculateP11pidStruct_tdd
                0x0000000003801b20      0x1d0 build/src/PID.o
                0x0000000003801b20                pidCalculate(pidStruct_t*, double, double)
 .text._Z14printPIDValuesP11pidStruct_t
                0x0000000003801cf0       0xe4 build/src/PID.o
                0x0000000003801cf0                printPIDValues(pidStruct_t*)
 .text._Z9pre_autonv
                0x0000000003801dd4       0x40 build/src/main.o
                0x0000000003801dd4                pre_auton()
 .text._Z10autonomousv
                0x0000000003801e14       0x48 build/src/main.o
                0x0000000003801e14                autonomous()
 *fill*         0x0000000003801e5c        0x4 
 .text._Z11usercontrolv
                0x0000000003801e60      0x260 build/src/main.o
                0x0000000003801e60                usercontrol()
 .text.main     0x00000000038020c0       0x68 build/src/main.o
                0x00000000038020c0                main
 .text._GLOBAL__sub_I_main.cpp
                0x0000000003802128       0x34 build/src/main.o
 .text._Z11vexcodeInitv
                0x000000000380215c        0x4 build/src/robot-config.o
                0x000000000380215c                vexcodeInit()
 .text._GLOBAL__sub_I_robot_config.cpp
                0x0000000003802160      0x168 build/src/robot-config.o
 .text.vexMain  0x00000000038022c8       0xb0 /Applications/VEXcode Pro V5.app/Contents/Resources/sdk/vexv5/libv5rt.a(v5_startup.c.obj)
                0x00000000038022c8                vexMain
 .text.__vex_function_prolog
                0x0000000003802378       0x18 /Applications/VEXcode Pro V5.app/Contents/Resources/sdk/vexv5/libv5rt.a(v5_startup.c.obj)
                0x0000000003802378                __vex_function_prolog
 .text._init    0x0000000003802390        0x4 /Applications/VEXcode Pro V5.app/Contents/Resources/sdk/vexv5/libv5rt.a(v5_startup.c.obj)
                0x0000000003802390                _init
 .text._fini    0x0000000003802394        0x4 /Applications/VEXcode Pro V5.app/Contents/Resources/sdk/vexv5/libv5rt.a(v5_startup.c.obj)
                0x0000000003802394                _fini
 .text.vexStdlibVersionLinked
                0x0000000003802398        0xc /Applications/VEXcode Pro V5.app/Contents/Resources/sdk/vexv5/libv5rt.a(v5_util.c.obj)
                0x0000000003802398                vexStdlibVersionLinked
 .text.vexStdlibVersionVerify
                0x00000000038023a4       0x30 /Applications/VEXcode Pro V5.app/Contents/Resources/sdk/vexv5/libv5rt.a(v5_util.c.obj)
                0x00000000038023a4                vexStdlibVersionVerify
 .text.vexPrivateApiEnable
                0x00000000038023d4       0x10 /Applications/VEXcode Pro V5.app/Contents/Resources/sdk/vexv5/libv5rt.a(v5_apijump.c.obj)
                0x00000000038023d4                vexPrivateApiEnable
 .text.vexStdlibMismatchError
                0x00000000038023e4       0x3c /Applications/VEXcode Pro V5.app/Contents/Resources/sdk/vexv5/libv5rt.a(v5_apijump.c.obj)
                0x00000000038023e4                vexStdlibMismatchError
 .text.vexTaskAdd
                0x0000000003802420       0x10 /Applications/VEXcode Pro V5.app/Contents/Resources/sdk/vexv5/libv5rt.a(v5_apijump.c.obj)
                0x0000000003802420                vexTaskAdd
 .text.vexTasksRun
                0x0000000003802430       0x10 /Applications/VEXcode Pro V5.app/Contents/Resources/sdk/vexv5/libv5rt.a(v5_apijump.c.obj)
                0x0000000003802430                vexTasksRun
 .text.vexTaskYield
                0x0000000003802440       0x10 /Applications/VEXcode Pro V5.app/Contents/Resources/sdk/vexv5/libv5rt.a(v5_apijump.c.obj)
                0x0000000003802440                vexTaskYield
 .text.vexTaskCheckTimeslice
                0x0000000003802450       0x10 /Applications/VEXcode Pro V5.app/Contents/Resources/sdk/vexv5/libv5rt.a(v5_apijump.c.obj)
                0x0000000003802450                vexTaskCheckTimeslice
 .text.vexTaskSleep
                0x0000000003802460       0x10 /Applications/VEXcode Pro V5.app/Contents/Resources/sdk/vexv5/libv5rt.a(v5_apijump.c.obj)
                0x0000000003802460                vexTaskSleep
 .text.vexTasksDump
                0x0000000003802470       0x1c /Applications/VEXcode Pro V5.app/Contents/Resources/sdk/vexv5/libv5rt.a(v5_apijump.c.obj)
                0x0000000003802470                vexTasksDump
 .text.vexTaskGetTaskIndex
                0x000000000380248c       0x10 /Applications/VEXcode Pro V5.app/Contents/Resources/sdk/vexv5/libv5rt.a(v5_apijump.c.obj)
                0x000000000380248c                vexTaskGetTaskIndex
 .text.vexTaskStopAll
                0x000000000380249c       0x10 /Applications/VEXcode Pro V5.app/Contents/Resources/sdk/vexv5/libv5rt.a(v5_apijump.c.obj)
                0x000000000380249c                vexTaskStopAll
 .text.vexTaskRemoveAllUser
                0x00000000038024ac       0x34 /Applications/VEXcode Pro V5.app/Contents/Resources/sdk/vexv5/libv5rt.a(v5_apijump.c.obj)
                0x00000000038024ac                vexTaskRemoveAllUser
 .text.vexTaskCompletionIdSet
                0x00000000038024e0       0x10 /Applications/VEXcode Pro V5.app/Contents/Resources/sdk/vexv5/libv5rt.a(v5_apijump.c.obj)
                0x00000000038024e0                vexTaskCompletionIdSet
 .text.vexTaskStopWithId
                0x00000000038024f0       0x10 /Applications/VEXcode Pro V5.app/Contents/Resources/sdk/vexv5/libv5rt.a(v5_apijump.c.obj)
                0x00000000038024f0                vexTaskStopWithId
 .text.vexCriticalSection
                0x0000000003802500       0x2c /Applications/VEXcode Pro V5.app/Contents/Resources/sdk/vexv5/libv5rt.a(v5_apijump.c.obj)
                0x0000000003802500                vexCriticalSection
 .text.vexEventAdd
                0x000000000380252c       0x34 /Applications/VEXcode Pro V5.app/Contents/Resources/sdk/vexv5/libv5rt.a(v5_apijump.c.obj)
                0x000000000380252c                vexEventAdd
 .text.vexEventUserIndexGet
                0x0000000003802560       0x1c /Applications/VEXcode Pro V5.app/Contents/Resources/sdk/vexv5/libv5rt.a(v5_apijump.c.obj)
                0x0000000003802560                vexEventUserIndexGet
 .text.vexEventAddWithArg
                0x000000000380257c       0x3c /Applications/VEXcode Pro V5.app/Contents/Resources/sdk/vexv5/libv5rt.a(v5_apijump.c.obj)
                0x000000000380257c                vexEventAddWithArg
 .text.vexEventsCleanup
                0x00000000038025b8       0x2c /Applications/VEXcode Pro V5.app/Contents/Resources/sdk/vexv5/libv5rt.a(v5_apijump.c.obj)
                0x00000000038025b8                vexEventsCleanup
 .text.vexDebug
                0x00000000038025e4       0x38 /Applications/VEXcode Pro V5.app/Contents/Resources/sdk/vexv5/libv5rt.a(v5_apijump.c.obj)
                0x00000000038025e4                vexDebug
 .text.vex_sprintf
                0x000000000380261c       0x40 /Applications/VEXcode Pro V5.app/Contents/Resources/sdk/vexv5/libv5rt.a(v5_apijump.c.obj)
                0x000000000380261c                vex_sprintf
 .text.vex_vsnprintf
                0x000000000380265c       0x3c /Applications/VEXcode Pro V5.app/Contents/Resources/sdk/vexv5/libv5rt.a(v5_apijump.c.obj)
                0x000000000380265c                vex_vsnprintf
 .text.vexSystemTimeGet
                0x0000000003802698       0x1c /Applications/VEXcode Pro V5.app/Contents/Resources/sdk/vexv5/libv5rt.a(v5_apijump.c.obj)
                0x0000000003802698                vexSystemTimeGet
 .text.vexSystemExitRequest
                0x00000000038026b4       0x1c /Applications/VEXcode Pro V5.app/Contents/Resources/sdk/vexv5/libv5rt.a(v5_apijump.c.obj)
                0x00000000038026b4                vexSystemExitRequest
 .text.vexDeviceGetByIndex
                0x00000000038026d0       0x24 /Applications/VEXcode Pro V5.app/Contents/Resources/sdk/vexv5/libv5rt.a(v5_apijump.c.obj)
                0x00000000038026d0                vexDeviceGetByIndex
 .text.vexControllerGet
                0x00000000038026f4       0x2c /Applications/VEXcode Pro V5.app/Contents/Resources/sdk/vexv5/libv5rt.a(v5_apijump.c.obj)
                0x00000000038026f4                vexControllerGet
 .text.vexControllerTextSet
                0x0000000003802720       0x74 /Applications/VEXcode Pro V5.app/Contents/Resources/sdk/vexv5/libv5rt.a(v5_apijump.c.obj)
                0x0000000003802720                vexControllerTextSet
 .text.vexDeviceAdiPortConfigSet
                0x0000000003802794       0x34 /Applications/VEXcode Pro V5.app/Contents/Resources/sdk/vexv5/libv5rt.a(v5_apijump.c.obj)
                0x0000000003802794                vexDeviceAdiPortConfigSet
 .text.vexDeviceAdiPortConfigGet
                0x00000000038027c8       0x2c /Applications/VEXcode Pro V5.app/Contents/Resources/sdk/vexv5/libv5rt.a(v5_apijump.c.obj)
                0x00000000038027c8                vexDeviceAdiPortConfigGet
 .text.vexDeviceAdiValueGet
                0x00000000038027f4       0x2c /Applications/VEXcode Pro V5.app/Contents/Resources/sdk/vexv5/libv5rt.a(v5_apijump.c.obj)
                0x00000000038027f4                vexDeviceAdiValueGet
 .text.vexDeviceMotorVelocitySet
                0x0000000003802820       0x2c /Applications/VEXcode Pro V5.app/Contents/Resources/sdk/vexv5/libv5rt.a(v5_apijump.c.obj)
                0x0000000003802820                vexDeviceMotorVelocitySet
 .text.vexDeviceMotorVoltageSet
                0x000000000380284c       0x2c /Applications/VEXcode Pro V5.app/Contents/Resources/sdk/vexv5/libv5rt.a(v5_apijump.c.obj)
                0x000000000380284c                vexDeviceMotorVoltageSet
 .text.vexDeviceMotorActualVelocityGet
                0x0000000003802878       0x24 /Applications/VEXcode Pro V5.app/Contents/Resources/sdk/vexv5/libv5rt.a(v5_apijump.c.obj)
                0x0000000003802878                vexDeviceMotorActualVelocityGet
 .text.vexDeviceMotorReverseFlagSet
                0x000000000380289c       0x2c /Applications/VEXcode Pro V5.app/Contents/Resources/sdk/vexv5/libv5rt.a(v5_apijump.c.obj)
                0x000000000380289c                vexDeviceMotorReverseFlagSet
 .text.vexDeviceMotorEncoderUnitsSet
                0x00000000038028c8       0x2c /Applications/VEXcode Pro V5.app/Contents/Resources/sdk/vexv5/libv5rt.a(v5_apijump.c.obj)
                0x00000000038028c8                vexDeviceMotorEncoderUnitsSet
 .text.vexDeviceMotorBrakeModeSet
                0x00000000038028f4       0x2c /Applications/VEXcode Pro V5.app/Contents/Resources/sdk/vexv5/libv5rt.a(v5_apijump.c.obj)
                0x00000000038028f4                vexDeviceMotorBrakeModeSet
 .text.vexDeviceMotorPositionSet
                0x0000000003802920       0x34 /Applications/VEXcode Pro V5.app/Contents/Resources/sdk/vexv5/libv5rt.a(v5_apijump.c.obj)
                0x0000000003802920                vexDeviceMotorPositionSet
 .text.vexDeviceMotorPositionGet
                0x0000000003802954       0x24 /Applications/VEXcode Pro V5.app/Contents/Resources/sdk/vexv5/libv5rt.a(v5_apijump.c.obj)
                0x0000000003802954                vexDeviceMotorPositionGet
 .text.vexDeviceMotorGearingSet
                0x0000000003802978       0x2c /Applications/VEXcode Pro V5.app/Contents/Resources/sdk/vexv5/libv5rt.a(v5_apijump.c.obj)
                0x0000000003802978                vexDeviceMotorGearingSet
 .text.vexDeviceMotorGearingGet
                0x00000000038029a4       0x24 /Applications/VEXcode Pro V5.app/Contents/Resources/sdk/vexv5/libv5rt.a(v5_apijump.c.obj)
                0x00000000038029a4                vexDeviceMotorGearingGet
 .text.vexDeviceImuReset
                0x00000000038029c8       0x24 /Applications/VEXcode Pro V5.app/Contents/Resources/sdk/vexv5/libv5rt.a(v5_apijump.c.obj)
                0x00000000038029c8                vexDeviceImuReset
 .text.vexDeviceImuHeadingGet
                0x00000000038029ec       0x24 /Applications/VEXcode Pro V5.app/Contents/Resources/sdk/vexv5/libv5rt.a(v5_apijump.c.obj)
                0x00000000038029ec                vexDeviceImuHeadingGet
 .text.vexDeviceImuDegreesGet
                0x0000000003802a10       0x24 /Applications/VEXcode Pro V5.app/Contents/Resources/sdk/vexv5/libv5rt.a(v5_apijump.c.obj)
                0x0000000003802a10                vexDeviceImuDegreesGet
 .text.vexDeviceImuStatusGet
                0x0000000003802a34       0x24 /Applications/VEXcode Pro V5.app/Contents/Resources/sdk/vexv5/libv5rt.a(v5_apijump.c.obj)
                0x0000000003802a34                vexDeviceImuStatusGet
 .text.vexDisplayForegroundColor
                0x0000000003802a58       0x24 /Applications/VEXcode Pro V5.app/Contents/Resources/sdk/vexv5/libv5rt.a(v5_apijump.c.obj)
                0x0000000003802a58                vexDisplayForegroundColor
 .text.vexDisplayBackgroundColor
                0x0000000003802a7c       0x24 /Applications/VEXcode Pro V5.app/Contents/Resources/sdk/vexv5/libv5rt.a(v5_apijump.c.obj)
                0x0000000003802a7c                vexDisplayBackgroundColor
 .text.vexDisplayBackgroundColorGet
                0x0000000003802aa0       0x1c /Applications/VEXcode Pro V5.app/Contents/Resources/sdk/vexv5/libv5rt.a(v5_apijump.c.obj)
                0x0000000003802aa0                vexDisplayBackgroundColorGet
 .text.vexDisplayRectClear
                0x0000000003802abc       0x4c /Applications/VEXcode Pro V5.app/Contents/Resources/sdk/vexv5/libv5rt.a(v5_apijump.c.obj)
                0x0000000003802abc                vexDisplayRectClear
 .text.vexDisplayPrintf
                0x0000000003802b08       0x68 /Applications/VEXcode Pro V5.app/Contents/Resources/sdk/vexv5/libv5rt.a(v5_apijump.c.obj)
                0x0000000003802b08                vexDisplayPrintf
 .text.vexDisplayTextReference
                0x0000000003802b70       0x24 /Applications/VEXcode Pro V5.app/Contents/Resources/sdk/vexv5/libv5rt.a(v5_apijump.c.obj)
                0x0000000003802b70                vexDisplayTextReference
 .text.vexDisplayTextSize
                0x0000000003802b94       0x2c /Applications/VEXcode Pro V5.app/Contents/Resources/sdk/vexv5/libv5rt.a(v5_apijump.c.obj)
                0x0000000003802b94                vexDisplayTextSize
 .text.vexDisplayFontNamedSet
                0x0000000003802bc0       0x24 /Applications/VEXcode Pro V5.app/Contents/Resources/sdk/vexv5/libv5rt.a(v5_apijump.c.obj)
                0x0000000003802bc0                vexDisplayFontNamedSet
 .text.vexDisplayStringWidthGet
                0x0000000003802be4       0x24 /Applications/VEXcode Pro V5.app/Contents/Resources/sdk/vexv5/libv5rt.a(v5_apijump.c.obj)
                0x0000000003802be4                vexDisplayStringWidthGet
 .text.vexSystemStdlibImpureDataAddr
                0x0000000003802c08       0x28 /Applications/VEXcode Pro V5.app/Contents/Resources/sdk/vexv5/libv5rt.a(v5_apijump.c.obj)
                0x0000000003802c08                vexSystemStdlibImpureDataAddr
 .text.vexSystemStdlibImpureDataSize
                0x0000000003802c30       0x28 /Applications/VEXcode Pro V5.app/Contents/Resources/sdk/vexv5/libv5rt.a(v5_apijump.c.obj)
                0x0000000003802c30                vexSystemStdlibImpureDataSize
 .text.vexSystemSaveUserData
                0x0000000003802c58       0x3c /Applications/VEXcode Pro V5.app/Contents/Resources/sdk/vexv5/libv5rt.a(v5_apijump.c.obj)
                0x0000000003802c58                vexSystemSaveUserData
 .text.vexDisplayThemeIdGet
                0x0000000003802c94       0x38 /Applications/VEXcode Pro V5.app/Contents/Resources/sdk/vexv5/libv5rt.a(v5_apijump.c.obj)
                0x0000000003802c94                vexDisplayThemeIdGet
 .text.vexDeviceEventMaskSet
                0x0000000003802ccc       0x48 /Applications/VEXcode Pro V5.app/Contents/Resources/sdk/vexv5/libv5rt.a(v5_apijump.c.obj)
                0x0000000003802ccc                vexDeviceEventMaskSet
 .text.vexDeviceEventMaskGet
                0x0000000003802d14       0x3c /Applications/VEXcode Pro V5.app/Contents/Resources/sdk/vexv5/libv5rt.a(v5_apijump.c.obj)
                0x0000000003802d14                vexDeviceEventMaskGet
 .text.vexSystemVersion
                0x0000000003802d50       0x10 /Applications/VEXcode Pro V5.app/Contents/Resources/sdk/vexv5/libv5rt.a(v5_apiversions.c.obj)
                0x0000000003802d50                vexSystemVersion
 .text.vexStdlibVersion
                0x0000000003802d60       0x10 /Applications/VEXcode Pro V5.app/Contents/Resources/sdk/vexv5/libv5rt.a(v5_apiversions.c.obj)
                0x0000000003802d60                vexStdlibVersion
 .text._ZN3vex4waitEdNS_9timeUnitsE
                0x0000000003802d70       0x30 /Applications/VEXcode Pro V5.app/Contents/Resources/sdk/vexv5/libv5rt.a(vex_global.cpp.obj)
                0x0000000003802d70                vex::wait(double, vex::timeUnits)
 .text._ZN3vex5motorD2Ev
                0x0000000003802da0       0x20 /Applications/VEXcode Pro V5.app/Contents/Resources/sdk/vexv5/libv5rt.a(vex_motor.cpp.obj)
                0x0000000003802da0                vex::motor::~motor()
                0x0000000003802da0                vex::motor::~motor()
 .text._ZN3vex5motorD0Ev
                0x0000000003802dc0       0x1c /Applications/VEXcode Pro V5.app/Contents/Resources/sdk/vexv5/libv5rt.a(vex_motor.cpp.obj)
                0x0000000003802dc0                vex::motor::~motor()
 .text._ZN3vex5motor9installedEv
                0x0000000003802ddc       0x18 /Applications/VEXcode Pro V5.app/Contents/Resources/sdk/vexv5/libv5rt.a(vex_motor.cpp.obj)
                0x0000000003802ddc                vex::motor::installed()
 .text._ZN3vex5motor15defaultStoppingENS_9brakeTypeE
                0x0000000003802df4       0x30 /Applications/VEXcode Pro V5.app/Contents/Resources/sdk/vexv5/libv5rt.a(vex_motor.cpp.obj)
                0x0000000003802df4                vex::motor::defaultStopping(vex::brakeType)
 .text._ZN3vex5motor8setBrakeENS_9brakeTypeE
                0x0000000003802e24        0x4 /Applications/VEXcode Pro V5.app/Contents/Resources/sdk/vexv5/libv5rt.a(vex_motor.cpp.obj)
                0x0000000003802e24                vex::motor::setBrake(vex::brakeType)
 .text._ZN3vex5motor11setStoppingENS_9brakeTypeE
                0x0000000003802e28        0x4 /Applications/VEXcode Pro V5.app/Contents/Resources/sdk/vexv5/libv5rt.a(vex_motor.cpp.obj)
                0x0000000003802e28                vex::motor::setStopping(vex::brakeType)
 .text._ZN3vex5motorC2El
                0x0000000003802e2c       0x78 /Applications/VEXcode Pro V5.app/Contents/Resources/sdk/vexv5/libv5rt.a(vex_motor.cpp.obj)
                0x0000000003802e2c                vex::motor::motor(long)
                0x0000000003802e2c                vex::motor::motor(long)
 .text._ZN3vex5motorC2ElNS_11gearSettingEb
                0x0000000003802ea4       0x34 /Applications/VEXcode Pro V5.app/Contents/Resources/sdk/vexv5/libv5rt.a(vex_motor.cpp.obj)
                0x0000000003802ea4                vex::motor::motor(long, vex::gearSetting, bool)
                0x0000000003802ea4                vex::motor::motor(long, vex::gearSetting, bool)
 .text._ZN3vex5motor4spinENS_13directionTypeEdNS_12voltageUnitsE
                0x0000000003802ed8       0x50 /Applications/VEXcode Pro V5.app/Contents/Resources/sdk/vexv5/libv5rt.a(vex_motor.cpp.obj)
                0x0000000003802ed8                vex::motor::spin(vex::directionType, double, vex::voltageUnits)
 .text._ZN3vex5motor4stopENS_9brakeTypeE
                0x0000000003802f28       0x30 /Applications/VEXcode Pro V5.app/Contents/Resources/sdk/vexv5/libv5rt.a(vex_motor.cpp.obj)
                0x0000000003802f28                vex::motor::stop(vex::brakeType)
 .text._ZN3vex5motor4stopEv
                0x0000000003802f58        0x8 /Applications/VEXcode Pro V5.app/Contents/Resources/sdk/vexv5/libv5rt.a(vex_motor.cpp.obj)
                0x0000000003802f58                vex::motor::stop()
 .text._ZN3vex5motor16velocityToScaledEdNS_13velocityUnitsE
                0x0000000003802f60       0x5c /Applications/VEXcode Pro V5.app/Contents/Resources/sdk/vexv5/libv5rt.a(vex_motor.cpp.obj)
                0x0000000003802f60                vex::motor::velocityToScaled(double, vex::velocityUnits)
 .text._ZN3vex5motor8velocityENS_13velocityUnitsE
                0x0000000003802fbc       0x30 /Applications/VEXcode Pro V5.app/Contents/Resources/sdk/vexv5/libv5rt.a(vex_motor.cpp.obj)
                0x0000000003802fbc                vex::motor::velocity(vex::velocityUnits)
 .text._ZN3vex5motor5valueEv
                0x0000000003802fec       0x1c /Applications/VEXcode Pro V5.app/Contents/Resources/sdk/vexv5/libv5rt.a(vex_motor.cpp.obj)
                0x0000000003802fec                vex::motor::value()
 .text._ZN3vex5motor16scaledToVelocityEdNS_13velocityUnitsE
                0x0000000003803008       0xa4 /Applications/VEXcode Pro V5.app/Contents/Resources/sdk/vexv5/libv5rt.a(vex_motor.cpp.obj)
                0x0000000003803008                vex::motor::scaledToVelocity(double, vex::velocityUnits)
 .text._ZN3vex5motor4spinENS_13directionTypeEdNS_13velocityUnitsE
                0x00000000038030ac       0x5c /Applications/VEXcode Pro V5.app/Contents/Resources/sdk/vexv5/libv5rt.a(vex_motor.cpp.obj)
                0x00000000038030ac                vex::motor::spin(vex::directionType, double, vex::velocityUnits)
 .text._ZN3vex5motor4spinENS_13directionTypeE
                0x0000000003803108       0x28 /Applications/VEXcode Pro V5.app/Contents/Resources/sdk/vexv5/libv5rt.a(vex_motor.cpp.obj)
                0x0000000003803108                vex::motor::spin(vex::directionType)
 .text._ZN3vex5motor11setVelocityEdNS_13velocityUnitsE
                0x0000000003803130       0x54 /Applications/VEXcode Pro V5.app/Contents/Resources/sdk/vexv5/libv5rt.a(vex_motor.cpp.obj)
                0x0000000003803130                vex::motor::setVelocity(double, vex::velocityUnits)
 .text._ZN3vex5motor16setRotationUnitsENS_13rotationUnitsE
                0x0000000003803184       0x1c /Applications/VEXcode Pro V5.app/Contents/Resources/sdk/vexv5/libv5rt.a(vex_motor.cpp.obj)
                0x0000000003803184                vex::motor::setRotationUnits(vex::rotationUnits)
 .text._ZN3vex5motor11setRotationEdNS_13rotationUnitsE
                0x00000000038031a0       0x44 /Applications/VEXcode Pro V5.app/Contents/Resources/sdk/vexv5/libv5rt.a(vex_motor.cpp.obj)
                0x00000000038031a0                vex::motor::setRotation(double, vex::rotationUnits)
 .text._ZN3vex5motor13resetRotationEv
                0x00000000038031e4       0x20 /Applications/VEXcode Pro V5.app/Contents/Resources/sdk/vexv5/libv5rt.a(vex_motor.cpp.obj)
                0x00000000038031e4                vex::motor::resetRotation()
 .text._ZN3vex5motor11setPositionEdNS_13rotationUnitsE
                0x0000000003803204        0x4 /Applications/VEXcode Pro V5.app/Contents/Resources/sdk/vexv5/libv5rt.a(vex_motor.cpp.obj)
                0x0000000003803204                vex::motor::setPosition(double, vex::rotationUnits)
 .text._ZN3vex5motor8rotationENS_13rotationUnitsE
                0x0000000003803208       0x44 /Applications/VEXcode Pro V5.app/Contents/Resources/sdk/vexv5/libv5rt.a(vex_motor.cpp.obj)
                0x0000000003803208                vex::motor::rotation(vex::rotationUnits)
 *fill*         0x000000000380324c        0x4 
 .text._ZN3vex8inertial10setHeadingEdNS_13rotationUnitsE
                0x0000000003803250       0x60 /Applications/VEXcode Pro V5.app/Contents/Resources/sdk/vexv5/libv5rt.a(vex_imu.cpp.obj)
                0x0000000003803250                vex::inertial::setHeading(double, vex::rotationUnits)
 .text._ZThn16_N3vex8inertial10setHeadingEdNS_13rotationUnitsE
                0x00000000038032b0        0x8 /Applications/VEXcode Pro V5.app/Contents/Resources/sdk/vexv5/libv5rt.a(vex_imu.cpp.obj)
                0x00000000038032b0                non-virtual thunk to vex::inertial::setHeading(double, vex::rotationUnits)
 .text._ZN3vex8inertial11setRotationEdNS_13rotationUnitsE
                0x00000000038032b8       0x60 /Applications/VEXcode Pro V5.app/Contents/Resources/sdk/vexv5/libv5rt.a(vex_imu.cpp.obj)
                0x00000000038032b8                vex::inertial::setRotation(double, vex::rotationUnits)
 .text._ZThn16_N3vex8inertial11setRotationEdNS_13rotationUnitsE
                0x0000000003803318        0x8 /Applications/VEXcode Pro V5.app/Contents/Resources/sdk/vexv5/libv5rt.a(vex_imu.cpp.obj)
                0x0000000003803318                non-virtual thunk to vex::inertial::setRotation(double, vex::rotationUnits)
 .text._ZN3vex8inertialD2Ev
                0x0000000003803320       0x20 /Applications/VEXcode Pro V5.app/Contents/Resources/sdk/vexv5/libv5rt.a(vex_imu.cpp.obj)
                0x0000000003803320                vex::inertial::~inertial()
                0x0000000003803320                vex::inertial::~inertial()
 .text._ZThn16_N3vex8inertialD1Ev
                0x0000000003803340        0x8 /Applications/VEXcode Pro V5.app/Contents/Resources/sdk/vexv5/libv5rt.a(vex_imu.cpp.obj)
                0x0000000003803340                non-virtual thunk to vex::inertial::~inertial()
 .text._ZN3vex8inertialD0Ev
                0x0000000003803348       0x1c /Applications/VEXcode Pro V5.app/Contents/Resources/sdk/vexv5/libv5rt.a(vex_imu.cpp.obj)
                0x0000000003803348                vex::inertial::~inertial()
 .text._ZThn16_N3vex8inertialD0Ev
                0x0000000003803364        0x8 /Applications/VEXcode Pro V5.app/Contents/Resources/sdk/vexv5/libv5rt.a(vex_imu.cpp.obj)
                0x0000000003803364                non-virtual thunk to vex::inertial::~inertial()
 .text._ZN3vex8inertial9installedEv
                0x000000000380336c       0x18 /Applications/VEXcode Pro V5.app/Contents/Resources/sdk/vexv5/libv5rt.a(vex_imu.cpp.obj)
                0x000000000380336c                vex::inertial::installed()
 .text._ZN3vex8inertial5angleENS_13rotationUnitsE
                0x0000000003803384       0x60 /Applications/VEXcode Pro V5.app/Contents/Resources/sdk/vexv5/libv5rt.a(vex_imu.cpp.obj)
                0x0000000003803384                vex::inertial::angle(vex::rotationUnits)
 .text._ZThn16_N3vex8inertial5angleENS_13rotationUnitsE
                0x00000000038033e4        0x8 /Applications/VEXcode Pro V5.app/Contents/Resources/sdk/vexv5/libv5rt.a(vex_imu.cpp.obj)
                0x00000000038033e4                non-virtual thunk to vex::inertial::angle(vex::rotationUnits)
 .text._ZN3vex8inertial7headingENS_13rotationUnitsE
                0x00000000038033ec        0x4 /Applications/VEXcode Pro V5.app/Contents/Resources/sdk/vexv5/libv5rt.a(vex_imu.cpp.obj)
                0x00000000038033ec                vex::inertial::heading(vex::rotationUnits)
 .text._ZThn16_N3vex8inertial7headingENS_13rotationUnitsE
                0x00000000038033f0        0x8 /Applications/VEXcode Pro V5.app/Contents/Resources/sdk/vexv5/libv5rt.a(vex_imu.cpp.obj)
                0x00000000038033f0                non-virtual thunk to vex::inertial::heading(vex::rotationUnits)
 .text._ZN3vex8inertial5valueEv
                0x00000000038033f8       0x1c /Applications/VEXcode Pro V5.app/Contents/Resources/sdk/vexv5/libv5rt.a(vex_imu.cpp.obj)
                0x00000000038033f8                vex::inertial::value()
 *fill*         0x0000000003803414        0x4 
 .text._ZN3vex8inertial8rotationENS_13rotationUnitsE
                0x0000000003803418       0x40 /Applications/VEXcode Pro V5.app/Contents/Resources/sdk/vexv5/libv5rt.a(vex_imu.cpp.obj)
                0x0000000003803418                vex::inertial::rotation(vex::rotationUnits)
 .text._ZThn16_N3vex8inertial8rotationENS_13rotationUnitsE
                0x0000000003803458        0x8 /Applications/VEXcode Pro V5.app/Contents/Resources/sdk/vexv5/libv5rt.a(vex_imu.cpp.obj)
                0x0000000003803458                non-virtual thunk to vex::inertial::rotation(vex::rotationUnits)
 .text._ZN3vex8inertial13isCalibratingEv
                0x0000000003803460       0x38 /Applications/VEXcode Pro V5.app/Contents/Resources/sdk/vexv5/libv5rt.a(vex_imu.cpp.obj)
                0x0000000003803460                vex::inertial::isCalibrating()
 .text._ZThn16_N3vex8inertial13isCalibratingEv
                0x0000000003803498        0x8 /Applications/VEXcode Pro V5.app/Contents/Resources/sdk/vexv5/libv5rt.a(vex_imu.cpp.obj)
                0x0000000003803498                non-virtual thunk to vex::inertial::isCalibrating()
 .text._ZN3vex8inertialC2El
                0x00000000038034a0       0x48 /Applications/VEXcode Pro V5.app/Contents/Resources/sdk/vexv5/libv5rt.a(vex_imu.cpp.obj)
                0x00000000038034a0                vex::inertial::inertial(long)
                0x00000000038034a0                vex::inertial::inertial(long)
 .text._ZN3vex8inertial13resetRotationEv
                0x00000000038034e8       0x20 /Applications/VEXcode Pro V5.app/Contents/Resources/sdk/vexv5/libv5rt.a(vex_imu.cpp.obj)
                0x00000000038034e8                vex::inertial::resetRotation()
 .text._ZN3vex8inertial16startCalibrationEl
                0x0000000003803508       0x20 /Applications/VEXcode Pro V5.app/Contents/Resources/sdk/vexv5/libv5rt.a(vex_imu.cpp.obj)
                0x0000000003803508                vex::inertial::startCalibration(long)
 .text._ZN3vex8inertial9calibrateEl
                0x0000000003803528        0xc /Applications/VEXcode Pro V5.app/Contents/Resources/sdk/vexv5/libv5rt.a(vex_imu.cpp.obj)
                0x0000000003803528                vex::inertial::calibrate(long)
                0x000000000380352c                non-virtual thunk to vex::inertial::calibrate(long)
 .text._ZN3vex10controllerD2Ev
                0x0000000003803534        0x4 /Applications/VEXcode Pro V5.app/Contents/Resources/sdk/vexv5/libv5rt.a(vex_controller.cpp.obj)
                0x0000000003803534                vex::controller::~controller()
                0x0000000003803534                vex::controller::~controller()
 .text._ZN3vex10controller5valueE19_V5_ControllerIndex
                0x0000000003803538        0x8 /Applications/VEXcode Pro V5.app/Contents/Resources/sdk/vexv5/libv5rt.a(vex_controller.cpp.obj)
                0x0000000003803538                vex::controller::value(_V5_ControllerIndex)
 .text._ZN3vex10controller6button8pressingEv
                0x0000000003803540       0xc8 /Applications/VEXcode Pro V5.app/Contents/Resources/sdk/vexv5/libv5rt.a(vex_controller.cpp.obj)
                0x0000000003803540                vex::controller::button::pressing()
 .text._ZN3vex10controller6button7pressedEPFvvE
                0x0000000003803608      0x108 /Applications/VEXcode Pro V5.app/Contents/Resources/sdk/vexv5/libv5rt.a(vex_controller.cpp.obj)
                0x0000000003803608                vex::controller::button::pressed(void (*)())
 .text._ZN3vex10controller6button21_buttonToPressedEventEv
                0x0000000003803710       0x20 /Applications/VEXcode Pro V5.app/Contents/Resources/sdk/vexv5/libv5rt.a(vex_controller.cpp.obj)
                0x0000000003803710                vex::controller::button::_buttonToPressedEvent()
 .text._ZN3vex10controller6button22_buttonToReleasedEventEv
                0x0000000003803730       0x20 /Applications/VEXcode Pro V5.app/Contents/Resources/sdk/vexv5/libv5rt.a(vex_controller.cpp.obj)
                0x0000000003803730                vex::controller::button::_buttonToReleasedEvent()
 .text._ZN3vex10controller6buttonC2ENS0_11tButtonTypeEPS0_
                0x0000000003803750       0x48 /Applications/VEXcode Pro V5.app/Contents/Resources/sdk/vexv5/libv5rt.a(vex_controller.cpp.obj)
                0x0000000003803750                vex::controller::button::button(vex::controller::tButtonType, vex::controller*)
                0x0000000003803750                vex::controller::button::button(vex::controller::tButtonType, vex::controller*)
 .text._ZN3vex10controller4axis5valueEv
                0x0000000003803798       0x58 /Applications/VEXcode Pro V5.app/Contents/Resources/sdk/vexv5/libv5rt.a(vex_controller.cpp.obj)
                0x0000000003803798                vex::controller::axis::value()
 .text._ZN3vex10controller4axis23_joystickToChangedEventEv
                0x00000000038037f0       0x20 /Applications/VEXcode Pro V5.app/Contents/Resources/sdk/vexv5/libv5rt.a(vex_controller.cpp.obj)
                0x00000000038037f0                vex::controller::axis::_joystickToChangedEvent()
 .text._ZN3vex10controller4axisC2ENS0_9tAxisTypeEPS0_
                0x0000000003803810       0x2c /Applications/VEXcode Pro V5.app/Contents/Resources/sdk/vexv5/libv5rt.a(vex_controller.cpp.obj)
                0x0000000003803810                vex::controller::axis::axis(vex::controller::tAxisType, vex::controller*)
                0x0000000003803810                vex::controller::axis::axis(vex::controller::tAxisType, vex::controller*)
 .text._ZN3vex10controllerC2ENS_14controllerTypeE
                0x000000000380383c      0x204 /Applications/VEXcode Pro V5.app/Contents/Resources/sdk/vexv5/libv5rt.a(vex_controller.cpp.obj)
                0x000000000380383c                vex::controller::controller(vex::controllerType)
                0x000000000380383c                vex::controller::controller(vex::controllerType)
 .text._ZN3vex10controller3lcd15getControllerIdEv
                0x0000000003803a40       0x10 /Applications/VEXcode Pro V5.app/Contents/Resources/sdk/vexv5/libv5rt.a(vex_controller.cpp.obj)
                0x0000000003803a40                vex::controller::lcd::getControllerId()
 .text._ZN3vex10controller3lcd9setCursorEll
                0x0000000003803a50       0x40 /Applications/VEXcode Pro V5.app/Contents/Resources/sdk/vexv5/libv5rt.a(vex_controller.cpp.obj)
                0x0000000003803a50                vex::controller::lcd::setCursor(long, long)
 .text._ZN3vex10controller3lcd5printEPKcz
                0x0000000003803a90       0x80 /Applications/VEXcode Pro V5.app/Contents/Resources/sdk/vexv5/libv5rt.a(vex_controller.cpp.obj)
                0x0000000003803a90                vex::controller::lcd::print(char const*, ...)
 .text._ZN3vex10controller3lcd9clearLineEi
                0x0000000003803b10       0x80 /Applications/VEXcode Pro V5.app/Contents/Resources/sdk/vexv5/libv5rt.a(vex_controller.cpp.obj)
                0x0000000003803b10                vex::controller::lcd::clearLine(int)
 .text._ZN3vex11this_thread9sleep_forEm
                0x0000000003803b90        0x4 /Applications/VEXcode Pro V5.app/Contents/Resources/sdk/vexv5/libv5rt.a(vex_thread.cpp.obj)
                0x0000000003803b90                vex::this_thread::sleep_for(unsigned long)
 .text._ZN3vex5event4initEmmPFvvE
                0x0000000003803b94        0x4 /Applications/VEXcode Pro V5.app/Contents/Resources/sdk/vexv5/libv5rt.a(vex_event.cpp.obj)
                0x0000000003803b94                vex::event::init(unsigned long, unsigned long, void (*)())
 .text._ZN3vex5event4initEmmPFvPvES1_
                0x0000000003803b98        0x4 /Applications/VEXcode Pro V5.app/Contents/Resources/sdk/vexv5/libv5rt.a(vex_event.cpp.obj)
                0x0000000003803b98                vex::event::init(unsigned long, unsigned long, void (*)(void*), void*)
 .text._ZN3vex5event9userindexEv
                0x0000000003803b9c        0x4 /Applications/VEXcode Pro V5.app/Contents/Resources/sdk/vexv5/libv5rt.a(vex_event.cpp.obj)
                0x0000000003803b9c                vex::event::userindex()
 .text._ZZN3vex6meventC4EmmENUlvE_4_FUNEv
                0x0000000003803ba0        0x4 /Applications/VEXcode Pro V5.app/Contents/Resources/sdk/vexv5/libv5rt.a(vex_mevent.cpp.obj)
 .text._ZN3vex6meventC2Emm
                0x0000000003803ba4       0x70 /Applications/VEXcode Pro V5.app/Contents/Resources/sdk/vexv5/libv5rt.a(vex_mevent.cpp.obj)
                0x0000000003803ba4                vex::mevent::mevent(unsigned long, unsigned long)
                0x0000000003803ba4                vex::mevent::mevent(unsigned long, unsigned long)
 .text._ZN3vex5brain9_getIndexEv
                0x0000000003803c14       0x10 /Applications/VEXcode Pro V5.app/Contents/Resources/sdk/vexv5/libv5rt.a(vex_brain.cpp.obj)
                0x0000000003803c14                vex::brain::_getIndex()
 .text._ZN3vex5brain5timerENS_9timeUnitsE
                0x0000000003803c24        0x4 /Applications/VEXcode Pro V5.app/Contents/Resources/sdk/vexv5/libv5rt.a(vex_brain.cpp.obj)
                0x0000000003803c24                vex::brain::timer(vex::timeUnits)
 .text._ZN3vex5brain3lcd9setCursorEll
                0x0000000003803c28       0x44 /Applications/VEXcode Pro V5.app/Contents/Resources/sdk/vexv5/libv5rt.a(vex_brain.cpp.obj)
                0x0000000003803c28                vex::brain::lcd::setCursor(long, long)
 .text._ZN3vex5brain3lcd7setFontENS_8fontTypeE
                0x0000000003803c6c      0x23c /Applications/VEXcode Pro V5.app/Contents/Resources/sdk/vexv5/libv5rt.a(vex_brain.cpp.obj)
                0x0000000003803c6c                vex::brain::lcd::setFont(vex::fontType)
 .text._ZN3vex5brain3lcdC2Ev
                0x0000000003803ea8       0x94 /Applications/VEXcode Pro V5.app/Contents/Resources/sdk/vexv5/libv5rt.a(vex_brain.cpp.obj)
                0x0000000003803ea8                vex::brain::lcd::lcd()
                0x0000000003803ea8                vex::brain::lcd::lcd()
 .text._ZN3vex5brainC2Ev
                0x0000000003803f3c       0x38 /Applications/VEXcode Pro V5.app/Contents/Resources/sdk/vexv5/libv5rt.a(vex_brain.cpp.obj)
                0x0000000003803f3c                vex::brain::brain()
                0x0000000003803f3c                vex::brain::brain()
 .text._ZN3vex5brain3lcd12_clearScreenEm
                0x0000000003803f74       0x38 /Applications/VEXcode Pro V5.app/Contents/Resources/sdk/vexv5/libv5rt.a(vex_brain.cpp.obj)
                0x0000000003803f74                vex::brain::lcd::_clearScreen(unsigned long)
 .text._ZN3vex5brain3lcd11clearScreenERKNS_5colorE
                0x0000000003803fac       0x20 /Applications/VEXcode Pro V5.app/Contents/Resources/sdk/vexv5/libv5rt.a(vex_brain.cpp.obj)
                0x0000000003803fac                vex::brain::lcd::clearScreen(vex::color const&)
 .text._ZN3vex5brain3lcd11clearScreenEv
                0x0000000003803fcc       0x2c /Applications/VEXcode Pro V5.app/Contents/Resources/sdk/vexv5/libv5rt.a(vex_brain.cpp.obj)
                0x0000000003803fcc                vex::brain::lcd::clearScreen()
 .text._ZN3vex5brain3lcd7newLineEv
                0x0000000003803ff8       0x20 /Applications/VEXcode Pro V5.app/Contents/Resources/sdk/vexv5/libv5rt.a(vex_brain.cpp.obj)
                0x0000000003803ff8                vex::brain::lcd::newLine()
 .text._ZN3vex5brain3lcd7pressedEPFvvE
                0x0000000003804018       0x1c /Applications/VEXcode Pro V5.app/Contents/Resources/sdk/vexv5/libv5rt.a(vex_brain.cpp.obj)
                0x0000000003804018                vex::brain::lcd::pressed(void (*)())
 .text._ZN3vex5brain3lcd10rowToPixelEl
                0x0000000003804034       0x34 /Applications/VEXcode Pro V5.app/Contents/Resources/sdk/vexv5/libv5rt.a(vex_brain.cpp.obj)
                0x0000000003804034                vex::brain::lcd::rowToPixel(long)
 .text._ZN3vex5brain3lcd10colToPixelEl
                0x0000000003804068       0x1c /Applications/VEXcode Pro V5.app/Contents/Resources/sdk/vexv5/libv5rt.a(vex_brain.cpp.obj)
                0x0000000003804068                vex::brain::lcd::colToPixel(long)
 .text._ZN3vex5brain3lcd5printEPKcz
                0x0000000003804084       0xa0 /Applications/VEXcode Pro V5.app/Contents/Resources/sdk/vexv5/libv5rt.a(vex_brain.cpp.obj)
                0x0000000003804084                vex::brain::lcd::print(char const*, ...)
 .text._ZN3vex5brainD2Ev
                0x0000000003804124       0x20 /Applications/VEXcode Pro V5.app/Contents/Resources/sdk/vexv5/libv5rt.a(vex_brain.cpp.obj)
                0x0000000003804124                vex::brain::~brain()
                0x0000000003804124                vex::brain::~brain()
 .text._ZN3vex11competition11_autonomousEv
                0x0000000003804144       0x90 /Applications/VEXcode Pro V5.app/Contents/Resources/sdk/vexv5/libv5rt.a(vex_competition.cpp.obj)
                0x0000000003804144                vex::competition::_autonomous()
 .text._ZN3vex11competition14_drivercontrolEv
                0x00000000038041d4       0x90 /Applications/VEXcode Pro V5.app/Contents/Resources/sdk/vexv5/libv5rt.a(vex_competition.cpp.obj)
                0x00000000038041d4                vex::competition::_drivercontrol()
 .text._ZN3vex11competition8_disableEPv
                0x0000000003804264       0xc8 /Applications/VEXcode Pro V5.app/Contents/Resources/sdk/vexv5/libv5rt.a(vex_competition.cpp.obj)
                0x0000000003804264                vex::competition::_disable(void*)
 .text._ZN3vex11competitionC2Ev
                0x000000000380432c      0x13c /Applications/VEXcode Pro V5.app/Contents/Resources/sdk/vexv5/libv5rt.a(vex_competition.cpp.obj)
                0x000000000380432c                vex::competition::competition()
                0x000000000380432c                vex::competition::competition()
 .text._ZN3vex11competitionD2Ev
                0x0000000003804468        0x4 /Applications/VEXcode Pro V5.app/Contents/Resources/sdk/vexv5/libv5rt.a(vex_competition.cpp.obj)
                0x0000000003804468                vex::competition::~competition()
                0x0000000003804468                vex::competition::~competition()
 .text._ZN3vex11competition10autonomousEPFvvE
                0x000000000380446c       0x44 /Applications/VEXcode Pro V5.app/Contents/Resources/sdk/vexv5/libv5rt.a(vex_competition.cpp.obj)
                0x000000000380446c                vex::competition::autonomous(void (*)())
 .text._ZN3vex11competition13drivercontrolEPFvvE
                0x00000000038044b0       0x44 /Applications/VEXcode Pro V5.app/Contents/Resources/sdk/vexv5/libv5rt.a(vex_competition.cpp.obj)
                0x00000000038044b0                vex::competition::drivercontrol(void (*)())
 .text._ZN3vex7triportD2Ev
                0x00000000038044f4       0x38 /Applications/VEXcode Pro V5.app/Contents/Resources/sdk/vexv5/libv5rt.a(vex_triport.cpp.obj)
                0x00000000038044f4                vex::triport::~triport()
                0x00000000038044f4                vex::triport::~triport()
 .text._ZN3vex7triportD0Ev
                0x000000000380452c       0x1c /Applications/VEXcode Pro V5.app/Contents/Resources/sdk/vexv5/libv5rt.a(vex_triport.cpp.obj)
                0x000000000380452c                vex::triport::~triport()
 .text._ZN3vex7triport9installedEv
                0x0000000003804548       0x18 /Applications/VEXcode Pro V5.app/Contents/Resources/sdk/vexv5/libv5rt.a(vex_triport.cpp.obj)
                0x0000000003804548                vex::triport::installed()
 .text._ZN3vex7triport4portC2ElPS0_
                0x0000000003804560       0x74 /Applications/VEXcode Pro V5.app/Contents/Resources/sdk/vexv5/libv5rt.a(vex_triport.cpp.obj)
                0x0000000003804560                vex::triport::port::port(long, vex::triport*)
                0x0000000003804560                vex::triport::port::port(long, vex::triport*)
 .text._ZN3vex7triportC2El
                0x00000000038045d4       0xf0 /Applications/VEXcode Pro V5.app/Contents/Resources/sdk/vexv5/libv5rt.a(vex_triport.cpp.obj)
                0x00000000038045d4                vex::triport::triport(long)
                0x00000000038045d4                vex::triport::triport(long)
 .text._ZN3vex7triport4port4typeENS_11triportTypeE
                0x00000000038046c4       0x30 /Applications/VEXcode Pro V5.app/Contents/Resources/sdk/vexv5/libv5rt.a(vex_triport.cpp.obj)
                0x00000000038046c4                vex::triport::port::type(vex::triportType)
 .text._ZN3vex7triport4port4typeEv
                0x00000000038046f4       0x38 /Applications/VEXcode Pro V5.app/Contents/Resources/sdk/vexv5/libv5rt.a(vex_triport.cpp.obj)
                0x00000000038046f4                vex::triport::port::type()
 .text._ZN3vex7triport4port5valueEv
                0x000000000380472c       0x14 /Applications/VEXcode Pro V5.app/Contents/Resources/sdk/vexv5/libv5rt.a(vex_triport.cpp.obj)
                0x000000000380472c                vex::triport::port::value()
 .text._ZN3vex7triport4port14_convertAnalogENS_11analogUnitsE
                0x0000000003804740       0x58 /Applications/VEXcode Pro V5.app/Contents/Resources/sdk/vexv5/libv5rt.a(vex_triport.cpp.obj)
                0x0000000003804740                vex::triport::port::_convertAnalog(vex::analogUnits)
 .text._ZN3vex11__trideviceC2ERNS_7triport4portENS_11triportTypeE
                0x0000000003804798       0x5c /Applications/VEXcode Pro V5.app/Contents/Resources/sdk/vexv5/libv5rt.a(vex_triport.cpp.obj)
                0x0000000003804798                vex::__tridevice::__tridevice(vex::triport::port&, vex::triportType)
                0x0000000003804798                vex::__tridevice::__tridevice(vex::triport::port&, vex::triportType)
 .text._ZN3vex11__tridevice14_convertAnalogENS_11analogUnitsE
                0x00000000038047f4        0x8 /Applications/VEXcode Pro V5.app/Contents/Resources/sdk/vexv5/libv5rt.a(vex_triport.cpp.obj)
                0x00000000038047f4                vex::__tridevice::_convertAnalog(vex::analogUnits)
 .text._ZN3vex6bumperC2ERNS_7triport4portE
                0x00000000038047fc       0x28 /Applications/VEXcode Pro V5.app/Contents/Resources/sdk/vexv5/libv5rt.a(vex_triport.cpp.obj)
                0x00000000038047fc                vex::bumper::bumper(vex::triport::port&)
                0x00000000038047fc                vex::bumper::bumper(vex::triport::port&)
 .text._ZN3vex6bumperD2Ev
                0x0000000003804824        0x4 /Applications/VEXcode Pro V5.app/Contents/Resources/sdk/vexv5/libv5rt.a(vex_triport.cpp.obj)
                0x0000000003804824                vex::bumper::~bumper()
                0x0000000003804824                vex::bumper::~bumper()
 .text._ZN3vex6bumper5valueEv
                0x0000000003804828        0x8 /Applications/VEXcode Pro V5.app/Contents/Resources/sdk/vexv5/libv5rt.a(vex_triport.cpp.obj)
                0x0000000003804828                vex::bumper::value()
 .text._ZN3vex3potC2ERNS_7triport4portE
                0x0000000003804830       0x20 /Applications/VEXcode Pro V5.app/Contents/Resources/sdk/vexv5/libv5rt.a(vex_triport.cpp.obj)
                0x0000000003804830                vex::pot::pot(vex::triport::port&)
                0x0000000003804830                vex::pot::pot(vex::triport::port&)
 .text._ZN3vex3potD2Ev
                0x0000000003804850        0x4 /Applications/VEXcode Pro V5.app/Contents/Resources/sdk/vexv5/libv5rt.a(vex_triport.cpp.obj)
                0x0000000003804850                vex::pot::~pot()
                0x0000000003804850                vex::pot::~pot()
 .text._ZN3vex3pot5valueENS_11analogUnitsE
                0x0000000003804854        0x4 /Applications/VEXcode Pro V5.app/Contents/Resources/sdk/vexv5/libv5rt.a(vex_triport.cpp.obj)
                0x0000000003804854                vex::pot::value(vex::analogUnits)
 .text.startup._GLOBAL__sub_I__ZN3vex7triportC2El
                0x0000000003804858       0x30 /Applications/VEXcode Pro V5.app/Contents/Resources/sdk/vexv5/libv5rt.a(vex_triport.cpp.obj)
 .text._ZN3vex5colorD2Ev
                0x0000000003804888        0x4 /Applications/VEXcode Pro V5.app/Contents/Resources/sdk/vexv5/libv5rt.a(vex_color.cpp.obj)
                0x0000000003804888                vex::color::~color()
                0x0000000003804888                vex::color::~color()
 .text._ZNK3vex5colorcvmEv
                0x000000000380488c        0x8 /Applications/VEXcode Pro V5.app/Contents/Resources/sdk/vexv5/libv5rt.a(vex_color.cpp.obj)
                0x000000000380488c                vex::color::operator unsigned long() const
 .text.startup._GLOBAL__sub_I__ZN3vex5color5blackE
                0x0000000003804894      0x164 /Applications/VEXcode Pro V5.app/Contents/Resources/sdk/vexv5/libv5rt.a(vex_color.cpp.obj)
 .text._ZN3vex5timerD2Ev
                0x00000000038049f8        0x4 /Applications/VEXcode Pro V5.app/Contents/Resources/sdk/vexv5/libv5rt.a(vex_timer.cpp.obj)
                0x00000000038049f8                vex::timer::~timer()
                0x00000000038049f8                vex::timer::~timer()
 .text._ZN3vex5timer5clearEv
                0x00000000038049fc       0x1c /Applications/VEXcode Pro V5.app/Contents/Resources/sdk/vexv5/libv5rt.a(vex_timer.cpp.obj)
                0x00000000038049fc                vex::timer::clear()
 .text._ZN3vex5timerC2Ev
                0x0000000003804a18       0x14 /Applications/VEXcode Pro V5.app/Contents/Resources/sdk/vexv5/libv5rt.a(vex_timer.cpp.obj)
                0x0000000003804a18                vex::timer::timer()
                0x0000000003804a18                vex::timer::timer()
 *fill*         0x0000000003804a2c        0x4 
 .text._ZNK3vex5timer4timeENS_9timeUnitsE
                0x0000000003804a30       0x40 /Applications/VEXcode Pro V5.app/Contents/Resources/sdk/vexv5/libv5rt.a(vex_timer.cpp.obj)
                0x0000000003804a30                vex::timer::time(vex::timeUnits) const
 .text.vexAdiPortConfigSet
                0x0000000003804a70       0x28 /Applications/VEXcode Pro V5.app/Contents/Resources/sdk/vexv5/libv5rt.a(v5_apiuser.c.obj)
                0x0000000003804a70                vexAdiPortConfigSet
 .text.vexAdiPortConfigGet
                0x0000000003804a98       0x28 /Applications/VEXcode Pro V5.app/Contents/Resources/sdk/vexv5/libv5rt.a(v5_apiuser.c.obj)
                0x0000000003804a98                vexAdiPortConfigGet
 .text.vexAdiValueGet
                0x0000000003804ac0       0x20 /Applications/VEXcode Pro V5.app/Contents/Resources/sdk/vexv5/libv5rt.a(v5_apiuser.c.obj)
                0x0000000003804ac0                vexAdiValueGet
 .text.vexMotorVelocitySet
                0x0000000003804ae0       0x20 /Applications/VEXcode Pro V5.app/Contents/Resources/sdk/vexv5/libv5rt.a(v5_apiuser.c.obj)
                0x0000000003804ae0                vexMotorVelocitySet
 .text.vexMotorVoltageSet
                0x0000000003804b00       0x20 /Applications/VEXcode Pro V5.app/Contents/Resources/sdk/vexv5/libv5rt.a(v5_apiuser.c.obj)
                0x0000000003804b00                vexMotorVoltageSet
 .text.vexMotorActualVelocityGet
                0x0000000003804b20       0x24 /Applications/VEXcode Pro V5.app/Contents/Resources/sdk/vexv5/libv5rt.a(v5_apiuser.c.obj)
                0x0000000003804b20                vexMotorActualVelocityGet
 .text.vexMotorReverseFlagSet
                0x0000000003804b44       0x20 /Applications/VEXcode Pro V5.app/Contents/Resources/sdk/vexv5/libv5rt.a(v5_apiuser.c.obj)
                0x0000000003804b44                vexMotorReverseFlagSet
 .text.vexMotorEncoderUnitsSet
                0x0000000003804b64       0x20 /Applications/VEXcode Pro V5.app/Contents/Resources/sdk/vexv5/libv5rt.a(v5_apiuser.c.obj)
                0x0000000003804b64                vexMotorEncoderUnitsSet
 .text.vexMotorBrakeModeSet
                0x0000000003804b84       0x20 /Applications/VEXcode Pro V5.app/Contents/Resources/sdk/vexv5/libv5rt.a(v5_apiuser.c.obj)
                0x0000000003804b84                vexMotorBrakeModeSet
 .text.vexMotorPositionSet
                0x0000000003804ba4       0x28 /Applications/VEXcode Pro V5.app/Contents/Resources/sdk/vexv5/libv5rt.a(v5_apiuser.c.obj)
                0x0000000003804ba4                vexMotorPositionSet
 .text.vexMotorPositionGet
                0x0000000003804bcc       0x24 /Applications/VEXcode Pro V5.app/Contents/Resources/sdk/vexv5/libv5rt.a(v5_apiuser.c.obj)
                0x0000000003804bcc                vexMotorPositionGet
 .text.vexMotorGearingSet
                0x0000000003804bf0       0x20 /Applications/VEXcode Pro V5.app/Contents/Resources/sdk/vexv5/libv5rt.a(v5_apiuser.c.obj)
                0x0000000003804bf0                vexMotorGearingSet
 .text.vexMotorGearingGet
                0x0000000003804c10       0x18 /Applications/VEXcode Pro V5.app/Contents/Resources/sdk/vexv5/libv5rt.a(v5_apiuser.c.obj)
                0x0000000003804c10                vexMotorGearingGet
 .text.vexImuReset
                0x0000000003804c28       0x10 /Applications/VEXcode Pro V5.app/Contents/Resources/sdk/vexv5/libv5rt.a(v5_apiuser.c.obj)
                0x0000000003804c28                vexImuReset
 .text.vexImuHeadingGet
                0x0000000003804c38       0x10 /Applications/VEXcode Pro V5.app/Contents/Resources/sdk/vexv5/libv5rt.a(v5_apiuser.c.obj)
                0x0000000003804c38                vexImuHeadingGet
 .text.vexImuDegreesGet
                0x0000000003804c48       0x10 /Applications/VEXcode Pro V5.app/Contents/Resources/sdk/vexv5/libv5rt.a(v5_apiuser.c.obj)
                0x0000000003804c48                vexImuDegreesGet
 .text.vexImuStatusGet
                0x0000000003804c58       0x10 /Applications/VEXcode Pro V5.app/Contents/Resources/sdk/vexv5/libv5rt.a(v5_apiuser.c.obj)
                0x0000000003804c58                vexImuStatusGet
 .text.vexEventMaskSet
                0x0000000003804c68       0x28 /Applications/VEXcode Pro V5.app/Contents/Resources/sdk/vexv5/libv5rt.a(v5_apiuser.c.obj)
                0x0000000003804c68                vexEventMaskSet
 .text.vexEventMaskGet
                0x0000000003804c90       0x18 /Applications/VEXcode Pro V5.app/Contents/Resources/sdk/vexv5/libv5rt.a(v5_apiuser.c.obj)
                0x0000000003804c90                vexEventMaskGet
 .text._ZN3vex6deviceD2Ev
                0x0000000003804ca8        0x4 /Applications/VEXcode Pro V5.app/Contents/Resources/sdk/vexv5/libv5rt.a(vex_device.cpp.obj)
                0x0000000003804ca8                vex::device::~device()
                0x0000000003804ca8                vex::device::~device()
 .text._ZN3vex6device5valueEv
                0x0000000003804cac        0x8 /Applications/VEXcode Pro V5.app/Contents/Resources/sdk/vexv5/libv5rt.a(vex_device.cpp.obj)
                0x0000000003804cac                vex::device::value()
 .text._ZN3vex6deviceD0Ev
                0x0000000003804cb4       0x14 /Applications/VEXcode Pro V5.app/Contents/Resources/sdk/vexv5/libv5rt.a(vex_device.cpp.obj)
                0x0000000003804cb4                vex::device::~device()
 .text._ZN3vex6device4initEl
                0x0000000003804cc8       0x30 /Applications/VEXcode Pro V5.app/Contents/Resources/sdk/vexv5/libv5rt.a(vex_device.cpp.obj)
                0x0000000003804cc8                vex::device::init(long)
 .text._ZN3vex6deviceC2El
                0x0000000003804cf8       0x20 /Applications/VEXcode Pro V5.app/Contents/Resources/sdk/vexv5/libv5rt.a(vex_device.cpp.obj)
                0x0000000003804cf8                vex::device::device(long)
                0x0000000003804cf8                vex::device::device(long)
 .text._ZN3vex6device4typeEv
                0x0000000003804d18       0x10 /Applications/VEXcode Pro V5.app/Contents/Resources/sdk/vexv5/libv5rt.a(vex_device.cpp.obj)
                0x0000000003804d18                vex::device::type()
 .text._ZN3vex6device9installedEv
                0x0000000003804d28       0x14 /Applications/VEXcode Pro V5.app/Contents/Resources/sdk/vexv5/libv5rt.a(vex_device.cpp.obj)
                0x0000000003804d28                vex::device::installed()
 .text._ZN3vex4taskC2EPFivE
                0x0000000003804d3c       0x5c /Applications/VEXcode Pro V5.app/Contents/Resources/sdk/vexv5/libv5rt.a(vex_task.cpp.obj)
                0x0000000003804d3c                vex::task::task(int (*)())
                0x0000000003804d3c                vex::task::task(int (*)())
 .text._ZN3vex4taskD2Ev
                0x0000000003804d98        0x4 /Applications/VEXcode Pro V5.app/Contents/Resources/sdk/vexv5/libv5rt.a(vex_task.cpp.obj)
                0x0000000003804d98                vex::task::~task()
                0x0000000003804d98                vex::task::~task()
 .text._ZN3vex4task4stopERKS0_
                0x0000000003804d9c       0x18 /Applications/VEXcode Pro V5.app/Contents/Resources/sdk/vexv5/libv5rt.a(vex_task.cpp.obj)
                0x0000000003804d9c                vex::task::stop(vex::task const&)
 .text._ZN3vex4task6_indexEPFivE
                0x0000000003804db4       0x14 /Applications/VEXcode Pro V5.app/Contents/Resources/sdk/vexv5/libv5rt.a(vex_task.cpp.obj)
                0x0000000003804db4                vex::task::_index(int (*)())
 .text._ZN3vex4task8_stopAllEv
                0x0000000003804dc8       0x3c /Applications/VEXcode Pro V5.app/Contents/Resources/sdk/vexv5/libv5rt.a(vex_task.cpp.obj)
                0x0000000003804dc8                vex::task::_stopAll()
 .text.__aeabi_memclr
                0x0000000003804e04        0x8 /Applications/VEXcode Pro V5.app/Contents/Resources/sdk/vexv5/gcc/libs/libc.a(lib_a-aeabi_memclr.o)
                0x0000000003804e04                __aeabi_memclr8
                0x0000000003804e04                __aeabi_memclr4
                0x0000000003804e04                __aeabi_memclr
 .text.__aeabi_memcpy
                0x0000000003804e0c        0x4 /Applications/VEXcode Pro V5.app/Contents/Resources/sdk/vexv5/gcc/libs/libc.a(lib_a-aeabi_memcpy.o)
                0x0000000003804e0c                __aeabi_memcpy4
                0x0000000003804e0c                __aeabi_memcpy
                0x0000000003804e0c                __aeabi_memcpy8
 .text.__libc_fini_array
                0x0000000003804e10       0x30 /Applications/VEXcode Pro V5.app/Contents/Resources/sdk/vexv5/gcc/libs/libc.a(lib_a-fini.o)
                0x0000000003804e10                __libc_fini_array
 .text.__libc_init_array
                0x0000000003804e40       0x58 /Applications/VEXcode Pro V5.app/Contents/Resources/sdk/vexv5/gcc/libs/libc.a(lib_a-init.o)
                0x0000000003804e40                __libc_init_array
 .text.memcpy   0x0000000003804e98       0xa8 /Applications/VEXcode Pro V5.app/Contents/Resources/sdk/vexv5/gcc/libs/libc.a(lib_a-memcpy.o)
                0x0000000003804e98                memcpy
 .text.memcpy.__stub
                0x0000000003804f40       0x18 linker stubs
 *(.gnu.linkonce.t.*)
 *(.plt)
 *(.gnu_warning)
 *(.gcc_except_table)
 *(.glue_7)
 .glue_7        0x0000000003804f58        0x0 linker stubs
 *(.glue_7t)
 .glue_7t       0x0000000003804f58        0x0 linker stubs
 *(.vfp11_veneer)
 .vfp11_veneer  0x0000000003804f58        0x0 linker stubs
 *(.ARM.extab)
 *(.gnu.linkonce.armextab.*)

.v4_bx          0x0000000003804f58        0x0
 .v4_bx         0x0000000003804f58        0x0 linker stubs

.iplt           0x0000000003804f58        0x0
 .iplt          0x0000000003804f58        0x0 build/src/AutonSupport.o

.init
 *(.init)

.fini
 *(.fini)

.rodata         0x0000000003804f58      0x2b8
                0x0000000003804f58                __rodata_start = .
 *(.rodata)
 *(.rodata.*)
 .rodata.str1.1
                0x0000000003804f58       0x16 build/src/AutonSupport.o
 *fill*         0x0000000003804f6e        0x2 
 .rodata.str1.8
                0x0000000003804f70       0x10 build/src/AutonSupport.o
                                          0xb (size before relaxing)
 .rodata.str1.1
                0x0000000003804f80       0x6d build/src/DriveFunctions.o
 .rodata.str1.1
                0x0000000003804fed        0xc build/src/Functions.o
 .rodata.str1.1
                0x0000000003804ff9       0x3c build/src/PID.o
                                         0x47 (size before relaxing)
 .rodata.str1.1
                0x0000000003805035        0x3 build/src/main.o
 .rodata.str1.1
                0x0000000003805035       0x2e /Applications/VEXcode Pro V5.app/Contents/Resources/sdk/vexv5/libv5rt.a(v5_startup.c.obj)
 *fill*         0x0000000003805063        0x1 
 .rodata._ZN3vex6PORT20E
                0x0000000003805064        0x4 /Applications/VEXcode Pro V5.app/Contents/Resources/sdk/vexv5/libv5rt.a(vex_global.cpp.obj)
                0x0000000003805064                vex::PORT20
 .rodata._ZN3vex3revE
                0x0000000003805068        0x4 /Applications/VEXcode Pro V5.app/Contents/Resources/sdk/vexv5/libv5rt.a(vex_global.cpp.obj)
                0x0000000003805068                vex::rev
 .rodata._ZN3vex3fwdE
                0x000000000380506c        0x4 /Applications/VEXcode Pro V5.app/Contents/Resources/sdk/vexv5/libv5rt.a(vex_global.cpp.obj)
                0x000000000380506c                vex::fwd
 .rodata._ZN3vex5PORT3E
                0x0000000003805070        0x4 /Applications/VEXcode Pro V5.app/Contents/Resources/sdk/vexv5/libv5rt.a(vex_global.cpp.obj)
                0x0000000003805070                vex::PORT3
 .rodata._ZN3vex5PORT1E
                0x0000000003805074        0x4 /Applications/VEXcode Pro V5.app/Contents/Resources/sdk/vexv5/libv5rt.a(vex_global.cpp.obj)
                0x0000000003805074                vex::PORT1
 .rodata._ZN3vex7reverseE
                0x0000000003805078        0x4 /Applications/VEXcode Pro V5.app/Contents/Resources/sdk/vexv5/libv5rt.a(vex_global.cpp.obj)
                0x0000000003805078                vex::reverse
 .rodata._ZN3vex7forwardE
                0x000000000380507c        0x4 /Applications/VEXcode Pro V5.app/Contents/Resources/sdk/vexv5/libv5rt.a(vex_global.cpp.obj)
                0x000000000380507c                vex::forward
 .rodata._ZN3vex3pctE
                0x0000000003805080        0x4 /Applications/VEXcode Pro V5.app/Contents/Resources/sdk/vexv5/libv5rt.a(vex_global.cpp.obj)
                0x0000000003805080                vex::pct
 .rodata._ZN3vex4msecE
                0x0000000003805084        0x4 /Applications/VEXcode Pro V5.app/Contents/Resources/sdk/vexv5/libv5rt.a(vex_global.cpp.obj)
                0x0000000003805084                vex::msec
 .rodata._ZN3vex5PORT9E
                0x0000000003805088        0x4 /Applications/VEXcode Pro V5.app/Contents/Resources/sdk/vexv5/libv5rt.a(vex_global.cpp.obj)
                0x0000000003805088                vex::PORT9
 .rodata._ZN3vex5PORT2E
                0x000000000380508c        0x4 /Applications/VEXcode Pro V5.app/Contents/Resources/sdk/vexv5/libv5rt.a(vex_global.cpp.obj)
                0x000000000380508c                vex::PORT2
 .rodata._ZN3vex5PORT6E
                0x0000000003805090        0x4 /Applications/VEXcode Pro V5.app/Contents/Resources/sdk/vexv5/libv5rt.a(vex_global.cpp.obj)
                0x0000000003805090                vex::PORT6
 .rodata._ZN3vex7primaryE
                0x0000000003805094        0x4 /Applications/VEXcode Pro V5.app/Contents/Resources/sdk/vexv5/libv5rt.a(vex_global.cpp.obj)
                0x0000000003805094                vex::primary
 .rodata._ZN3vex10range10bitE
                0x0000000003805098        0x4 /Applications/VEXcode Pro V5.app/Contents/Resources/sdk/vexv5/libv5rt.a(vex_global.cpp.obj)
                0x0000000003805098                vex::range10bit
 .rodata._ZN3vex7percentE
                0x000000000380509c        0x4 /Applications/VEXcode Pro V5.app/Contents/Resources/sdk/vexv5/libv5rt.a(vex_global.cpp.obj)
                0x000000000380509c                vex::percent
 .rodata._ZN3vex6PORT19E
                0x00000000038050a0        0x4 /Applications/VEXcode Pro V5.app/Contents/Resources/sdk/vexv5/libv5rt.a(vex_global.cpp.obj)
                0x00000000038050a0                vex::PORT19
 .rodata._ZN3vex7degreesE
                0x00000000038050a4        0x4 /Applications/VEXcode Pro V5.app/Contents/Resources/sdk/vexv5/libv5rt.a(vex_global.cpp.obj)
                0x00000000038050a4                vex::degrees
 .rodata._ZN3vex6PORT22E
                0x00000000038050a8        0x4 /Applications/VEXcode Pro V5.app/Contents/Resources/sdk/vexv5/libv5rt.a(vex_global.cpp.obj)
                0x00000000038050a8                vex::PORT22
 .rodata._ZN3vex4holdE
                0x00000000038050ac        0x4 /Applications/VEXcode Pro V5.app/Contents/Resources/sdk/vexv5/libv5rt.a(vex_global.cpp.obj)
                0x00000000038050ac                vex::hold
 .rodata._ZN3vex5brakeE
                0x00000000038050b0        0x4 /Applications/VEXcode Pro V5.app/Contents/Resources/sdk/vexv5/libv5rt.a(vex_global.cpp.obj)
                0x00000000038050b0                vex::brake
 .rodata._ZN3vex5coastE
                0x00000000038050b4        0x4 /Applications/VEXcode Pro V5.app/Contents/Resources/sdk/vexv5/libv5rt.a(vex_global.cpp.obj)
                0x00000000038050b4                vex::coast
 .rodata._ZN3vex5PORT8E
                0x00000000038050b8        0x4 /Applications/VEXcode Pro V5.app/Contents/Resources/sdk/vexv5/libv5rt.a(vex_global.cpp.obj)
                0x00000000038050b8                vex::PORT8
 .rodata._ZN3vex9ratio18_1E
                0x00000000038050bc        0x4 /Applications/VEXcode Pro V5.app/Contents/Resources/sdk/vexv5/libv5rt.a(vex_global.cpp.obj)
                0x00000000038050bc                vex::ratio18_1
 .rodata._ZN3vex7secondsE
                0x00000000038050c0        0x4 /Applications/VEXcode Pro V5.app/Contents/Resources/sdk/vexv5/libv5rt.a(vex_global.cpp.obj)
                0x00000000038050c0                vex::seconds
 *fill*         0x00000000038050c4        0x4 
 .rodata._ZTVN3vex5motorE
                0x00000000038050c8       0x18 /Applications/VEXcode Pro V5.app/Contents/Resources/sdk/vexv5/libv5rt.a(vex_motor.cpp.obj)
                0x00000000038050c8                vtable for vex::motor
 .rodata._ZTVN3vex8inertialE
                0x00000000038050e0       0x60 /Applications/VEXcode Pro V5.app/Contents/Resources/sdk/vexv5/libv5rt.a(vex_imu.cpp.obj)
                0x00000000038050e0                vtable for vex::inertial
 .rodata.str1.1
                0x0000000003805140       0x1f /Applications/VEXcode Pro V5.app/Contents/Resources/sdk/vexv5/libv5rt.a(vex_controller.cpp.obj)
                                         0x20 (size before relaxing)
 .rodata.CSWTCH.16
                0x000000000380515f        0xb /Applications/VEXcode Pro V5.app/Contents/Resources/sdk/vexv5/libv5rt.a(vex_controller.cpp.obj)
 .rodata.CSWTCH.18
                0x000000000380516a        0xb /Applications/VEXcode Pro V5.app/Contents/Resources/sdk/vexv5/libv5rt.a(vex_controller.cpp.obj)
 .rodata.CSWTCH.24
                0x0000000003805175        0x3 /Applications/VEXcode Pro V5.app/Contents/Resources/sdk/vexv5/libv5rt.a(vex_controller.cpp.obj)
 .rodata.str1.1
                0x0000000003805178       0x2d /Applications/VEXcode Pro V5.app/Contents/Resources/sdk/vexv5/libv5rt.a(vex_brain.cpp.obj)
 .rodata.CSWTCH.36
                0x00000000038051a5       0x10 /Applications/VEXcode Pro V5.app/Contents/Resources/sdk/vexv5/libv5rt.a(vex_triport.cpp.obj)
 *fill*         0x00000000038051b5        0x3 
 .rodata._ZTVN3vex7triportE
                0x00000000038051b8       0x18 /Applications/VEXcode Pro V5.app/Contents/Resources/sdk/vexv5/libv5rt.a(vex_triport.cpp.obj)
                0x00000000038051b8                vtable for vex::triport
 .rodata.CSWTCH.31
                0x00000000038051d0        0xe /Applications/VEXcode Pro V5.app/Contents/Resources/sdk/vexv5/libv5rt.a(vex_triport.cpp.obj)
 *fill*         0x00000000038051de        0x2 
 .rodata._ZTVN3vex6deviceE
                0x00000000038051e0       0x18 /Applications/VEXcode Pro V5.app/Contents/Resources/sdk/vexv5/libv5rt.a(vex_device.cpp.obj)
                0x00000000038051e0                vtable for vex::device
 .rodata.str1.1
                0x00000000038051f8       0x14 /Applications/VEXcode Pro V5.app/Contents/Resources/sdk/vexv5/libv5rt.a(vex_task.cpp.obj)
 .rodata.str1.4
                0x000000000380520c        0x4 /Applications/VEXcode Pro V5.app/Contents/Resources/sdk/vexv5/gcc/libs/libc.a(lib_a-impure.o)
                                          0x2 (size before relaxing)
 *(.gnu.linkonce.r.*)
                0x0000000003805210                __rodata_end = .

.rodata1        0x0000000003805210        0x0
                0x0000000003805210                __rodata1_start = .
 *(.rodata1)
 *(.rodata1.*)
                0x0000000003805210                __rodata1_end = .

.sdata2         0x0000000003805210        0x0
                0x0000000003805210                __sdata2_start = .
 *(.sdata2)
 *(.sdata2.*)
 *(.gnu.linkonce.s2.*)
                0x0000000003805210                __sdata2_end = .

.sbss2          0x0000000003805210        0x0
                0x0000000003805210                __sbss2_start = .
 *(.sbss2)
 *(.sbss2.*)
 *(.gnu.linkonce.sb2.*)
                0x0000000003805210                __sbss2_end = .

.data           0x0000000003805210      0x45c
                0x0000000003805210                __data_start = .
 *(.data)
 *(.data.*)
 .data.state_name
                0x0000000003805210        0x5 build/src/AutonSupport.o
                0x0000000003805210                state_name
 *fill*         0x0000000003805215        0x3 
 .data._ZL12lin_slewRate
                0x0000000003805218        0x8 build/src/DriveFunctions.o
 .data._ZL9lin_minDT
                0x0000000003805220        0x4 build/src/DriveFunctions.o
 *fill*         0x0000000003805224        0x4 
 .data._ZL12rot_slewRate
                0x0000000003805228        0x8 build/src/DriveFunctions.o
 .data._ZL9rot_minDT
                0x0000000003805230        0x4 build/src/DriveFunctions.o
 .data.appRunning
                0x0000000003805234        0x4 /Applications/VEXcode Pro V5.app/Contents/Resources/sdk/vexv5/libv5rt.a(v5_startup.c.obj)
                0x0000000003805234                appRunning
 .data.__yoff   0x0000000003805238        0x4 /Applications/VEXcode Pro V5.app/Contents/Resources/sdk/vexv5/libv5rt.a(v5_apijump.c.obj)
 .data._ZN3vex24__default_motor_velocityE
                0x000000000380523c        0x4 /Applications/VEXcode Pro V5.app/Contents/Resources/sdk/vexv5/libv5rt.a(vex_motor.cpp.obj)
                0x000000000380523c                vex::__default_motor_velocity
 .data.impure_data
                0x0000000003805240      0x428 /Applications/VEXcode Pro V5.app/Contents/Resources/sdk/vexv5/gcc/libs/libc.a(lib_a-impure.o)
 .data._impure_ptr
                0x0000000003805668        0x4 /Applications/VEXcode Pro V5.app/Contents/Resources/sdk/vexv5/gcc/libs/libc.a(lib_a-impure.o)
                0x0000000003805668                _impure_ptr
 *(.gnu.linkonce.d.*)
 *(.jcr)
 *(.got)
 *(.got.plt)
                0x000000000380566c                __data_end = .

.igot.plt       0x000000000380566c        0x0
 .igot.plt      0x000000000380566c        0x0 build/src/AutonSupport.o

.data1          0x000000000380566c        0x0
                0x000000000380566c                __data1_start = .
 *(.data1)
 *(.data1.*)
                0x000000000380566c                __data1_end = .

.got
 *(.got)

.ctors          0x000000000380566c        0x0
                0x000000000380566c                __CTOR_LIST__ = .
                0x000000000380566c                ___CTORS_LIST___ = .
 *crtbegin.o(.ctors)
 *(EXCLUDE_FILE(*crtend.o) .ctors)
 *(SORT_BY_NAME(.ctors.*))
 *(.ctors)
                0x000000000380566c                __CTOR_END__ = .
                0x000000000380566c                ___CTORS_END___ = .

.dtors          0x000000000380566c        0x0
                0x000000000380566c                __DTOR_LIST__ = .
                0x000000000380566c                ___DTORS_LIST___ = .
 *crtbegin.o(.dtors)
 *(EXCLUDE_FILE(*crtend.o) .dtors)
 *(SORT_BY_NAME(.dtors.*))
 *(.dtors)
                0x000000000380566c                __DTOR_END__ = .
                0x000000000380566c                ___DTORS_END___ = .

.fixup          0x000000000380566c        0x0
                0x000000000380566c                __fixup_start = .
 *(.fixup)
                0x000000000380566c                __fixup_end = .

.eh_frame
 *(.eh_frame)

.eh_framehdr    0x000000000380566c        0x0
                0x000000000380566c                __eh_framehdr_start = .
 *(.eh_framehdr)
                0x000000000380566c                __eh_framehdr_end = .

.gcc_except_table
 *(.gcc_except_table)

.mmu_tbl        0x0000000003808000        0x0
                0x0000000003808000                __mmu_tbl_start = .
 *(.mmu_tbl)
                0x0000000003808000                __mmu_tbl_end = .

.ARM.exidx      0x000000000380566c        0x8
                0x000000000380566c                __exidx_start = .
 *(.ARM.exidx*)
 .ARM.exidx.text._Z12Paint_Screenv
                0x000000000380566c        0x8 build/src/AutonSupport.o
 .ARM.exidx.text._Z12cycle_autonsv
                0x0000000003805674        0x0 build/src/AutonSupport.o
                                          0x8 (size before relaxing)
 .ARM.exidx.text._Z6Auton1v
                0x0000000003805674        0x0 build/src/Autons.o
                                          0x8 (size before relaxing)
 .ARM.exidx.text._Z6Auton2v
                0x0000000003805674        0x0 build/src/Autons.o
                                          0x8 (size before relaxing)
 .ARM.exidx.text._Z6skillsv
                0x0000000003805674        0x0 build/src/Autons.o
                                          0x8 (size before relaxing)
 .ARM.exidx.text._Z9skills120v
                0x0000000003805674        0x0 build/src/Autons.o
                                          0x8 (size before relaxing)
 .ARM.exidx.text._Z6Auton3v
                0x0000000003805674        0x0 build/src/Autons.o
                                          0x8 (size before relaxing)
 .ARM.exidx.text._Z9userDrivev
                0x0000000003805674        0x0 build/src/DriveFunctions.o
                                          0x8 (size before relaxing)
 .ARM.exidx.text._Z10moveLinearfim
                0x0000000003805674        0x0 build/src/DriveFunctions.o
                                          0x8 (size before relaxing)
 .ARM.exidx.text._Z8moveStopN3vex9brakeTypeE
                0x0000000003805674        0x0 build/src/DriveFunctions.o
                                          0x8 (size before relaxing)
 .ARM.exidx.text._Z10moveRotatesim
                0x0000000003805674        0x0 build/src/DriveFunctions.o
                                          0x8 (size before relaxing)
 .ARM.exidx.text._Z11setLinGainsddddi
                0x0000000003805674        0x0 build/src/DriveFunctions.o
                                          0x8 (size before relaxing)
 .ARM.exidx.text._Z11setRotGainsddddi
                0x0000000003805674        0x0 build/src/DriveFunctions.o
                                          0x8 (size before relaxing)
 .ARM.exidx.text._GLOBAL__sub_I_DriveFunctions.cpp
                0x0000000003805674        0x0 build/src/DriveFunctions.o
                                          0x8 (size before relaxing)
 .ARM.exidx.text._Z5clampb
                0x0000000003805674        0x0 build/src/Functions.o
                                          0x8 (size before relaxing)
 .ARM.exidx.text._Z8moveLiftbmh
                0x0000000003805674        0x0 build/src/Functions.o
                                          0x8 (size before relaxing)
 .ARM.exidx.text._Z5Ringsv
                0x0000000003805674        0x0 build/src/Functions.o
                                          0x8 (size before relaxing)
 .ARM.exidx.text._Z12goalApproachi
                0x0000000003805674        0x0 build/src/Functions.o
                                          0x8 (size before relaxing)
 .ARM.exidx.text._Z7pidInitP11pidStruct_tddddi
                0x0000000003805674        0x0 build/src/PID.o
                                          0x8 (size before relaxing)
 .ARM.exidx.text._Z12pidCalculateP11pidStruct_tdd
                0x0000000003805674        0x0 build/src/PID.o
                                          0x8 (size before relaxing)
 .ARM.exidx.text._Z14printPIDValuesP11pidStruct_t
                0x0000000003805674        0x0 build/src/PID.o
                                          0x8 (size before relaxing)
 .ARM.exidx.text._Z9pre_autonv
                0x0000000003805674        0x0 build/src/main.o
                                          0x8 (size before relaxing)
 .ARM.exidx.text._Z10autonomousv
                0x0000000003805674        0x0 build/src/main.o
                                          0x8 (size before relaxing)
 .ARM.exidx.text._Z11usercontrolv
                0x0000000003805674        0x0 build/src/main.o
                                          0x8 (size before relaxing)
 .ARM.exidx.text.main
                0x0000000003805674        0x0 build/src/main.o
                                          0x8 (size before relaxing)
 .ARM.exidx.text._GLOBAL__sub_I_main.cpp
                0x0000000003805674        0x0 build/src/main.o
                                          0x8 (size before relaxing)
 .ARM.exidx.text._Z11vexcodeInitv
                0x0000000003805674        0x0 build/src/robot-config.o
                                          0x8 (size before relaxing)
 .ARM.exidx.text._GLOBAL__sub_I_robot_config.cpp
                0x0000000003805674        0x0 build/src/robot-config.o
                                          0x8 (size before relaxing)
 *(.gnu.linkonce.armexidix.*.*)
                0x0000000003805674                __exidx_end = .

.rel.dyn        0x0000000003805674        0x0
 .rel.iplt      0x0000000003805674        0x0 build/src/AutonSupport.o

.preinit_array  0x0000000003805674        0x0
                0x0000000003805674                __preinit_array_start = .
 *(SORT_BY_NAME(.preinit_array.*))
 *(.preinit_array)
                0x0000000003805674                __preinit_array_end = .

.init_array     0x0000000003805674       0x14
                0x0000000003805674                __init_array_start = .
 *(SORT_BY_NAME(.init_array.*))
 *(.init_array)
 .init_array    0x0000000003805674        0x4 build/src/DriveFunctions.o
 .init_array    0x0000000003805678        0x4 build/src/main.o
 .init_array    0x000000000380567c        0x4 build/src/robot-config.o
 .init_array    0x0000000003805680        0x4 /Applications/VEXcode Pro V5.app/Contents/Resources/sdk/vexv5/libv5rt.a(vex_triport.cpp.obj)
 .init_array    0x0000000003805684        0x4 /Applications/VEXcode Pro V5.app/Contents/Resources/sdk/vexv5/libv5rt.a(vex_color.cpp.obj)
                0x0000000003805688                __init_array_end = .

.fini_array     0x0000000003805688        0x0
                0x0000000003805688                __fini_array_start = .
 *(SORT_BY_NAME(.fini_array.*))
 *(.fini_array)
                0x0000000003805688                __fini_array_end = .

.ARM.attributes
                0x0000000003805688       0x3a
                0x0000000003805688                __ARM.attributes_start = .
 *(.ARM.attributes)
 .ARM.attributes
                0x0000000003805688       0x3a build/src/AutonSupport.o
 .ARM.attributes
                0x00000000038056c2       0x3a build/src/Autons.o
 .ARM.attributes
                0x00000000038056fc       0x3a build/src/DriveFunctions.o
 .ARM.attributes
                0x0000000003805736       0x3a build/src/Functions.o
 .ARM.attributes
                0x0000000003805770       0x3a build/src/PID.o
 .ARM.attributes
                0x00000000038057aa       0x3a build/src/main.o
 .ARM.attributes
                0x00000000038057e4       0x3a build/src/robot-config.o
 .ARM.attributes
                0x000000000380581e       0x35 /Applications/VEXcode Pro V5.app/Contents/Resources/sdk/vexv5/libv5rt.a(v5_startup.c.obj)
 .ARM.attributes
                0x0000000003805853       0x35 /Applications/VEXcode Pro V5.app/Contents/Resources/sdk/vexv5/libv5rt.a(v5_util.c.obj)
 .ARM.attributes
                0x0000000003805888       0x35 /Applications/VEXcode Pro V5.app/Contents/Resources/sdk/vexv5/libv5rt.a(v5_apijump.c.obj)
 .ARM.attributes
                0x00000000038058bd       0x35 /Applications/VEXcode Pro V5.app/Contents/Resources/sdk/vexv5/libv5rt.a(v5_apiversions.c.obj)
 .ARM.attributes
                0x00000000038058f2       0x35 /Applications/VEXcode Pro V5.app/Contents/Resources/sdk/vexv5/libv5rt.a(vex_global.cpp.obj)
 .ARM.attributes
                0x0000000003805927       0x35 /Applications/VEXcode Pro V5.app/Contents/Resources/sdk/vexv5/libv5rt.a(vex_motor.cpp.obj)
 .ARM.attributes
                0x000000000380595c       0x35 /Applications/VEXcode Pro V5.app/Contents/Resources/sdk/vexv5/libv5rt.a(vex_imu.cpp.obj)
 .ARM.attributes
                0x0000000003805991       0x35 /Applications/VEXcode Pro V5.app/Contents/Resources/sdk/vexv5/libv5rt.a(vex_controller.cpp.obj)
 .ARM.attributes
                0x00000000038059c6       0x35 /Applications/VEXcode Pro V5.app/Contents/Resources/sdk/vexv5/libv5rt.a(vex_thread.cpp.obj)
 .ARM.attributes
                0x00000000038059fb       0x35 /Applications/VEXcode Pro V5.app/Contents/Resources/sdk/vexv5/libv5rt.a(vex_event.cpp.obj)
 .ARM.attributes
                0x0000000003805a30       0x35 /Applications/VEXcode Pro V5.app/Contents/Resources/sdk/vexv5/libv5rt.a(vex_mevent.cpp.obj)
 .ARM.attributes
                0x0000000003805a65       0x35 /Applications/VEXcode Pro V5.app/Contents/Resources/sdk/vexv5/libv5rt.a(vex_brain.cpp.obj)
 .ARM.attributes
                0x0000000003805a9a       0x35 /Applications/VEXcode Pro V5.app/Contents/Resources/sdk/vexv5/libv5rt.a(vex_competition.cpp.obj)
 .ARM.attributes
                0x0000000003805acf       0x35 /Applications/VEXcode Pro V5.app/Contents/Resources/sdk/vexv5/libv5rt.a(vex_triport.cpp.obj)
 .ARM.attributes
                0x0000000003805b04       0x35 /Applications/VEXcode Pro V5.app/Contents/Resources/sdk/vexv5/libv5rt.a(vex_color.cpp.obj)
 .ARM.attributes
                0x0000000003805b39       0x35 /Applications/VEXcode Pro V5.app/Contents/Resources/sdk/vexv5/libv5rt.a(vex_timer.cpp.obj)
 .ARM.attributes
                0x0000000003805b6e       0x35 /Applications/VEXcode Pro V5.app/Contents/Resources/sdk/vexv5/libv5rt.a(v5_apiuser.c.obj)
 .ARM.attributes
                0x0000000003805ba3       0x35 /Applications/VEXcode Pro V5.app/Contents/Resources/sdk/vexv5/libv5rt.a(vex_device.cpp.obj)
 .ARM.attributes
                0x0000000003805bd8       0x35 /Applications/VEXcode Pro V5.app/Contents/Resources/sdk/vexv5/libv5rt.a(vex_task.cpp.obj)
 .ARM.attributes
                0x0000000003805c0d       0x2b /Applications/VEXcode Pro V5.app/Contents/Resources/sdk/vexv5/gcc/libs/libc.a(lib_a-aeabi_memclr.o)
 .ARM.attributes
                0x0000000003805c38       0x2b /Applications/VEXcode Pro V5.app/Contents/Resources/sdk/vexv5/gcc/libs/libc.a(lib_a-aeabi_memcpy.o)
 .ARM.attributes
                0x0000000003805c63       0x19 /Applications/VEXcode Pro V5.app/Contents/Resources/sdk/vexv5/gcc/libs/libc.a(lib_a-aeabi_memset-soft.o)
 .ARM.attributes
                0x0000000003805c7c       0x2b /Applications/VEXcode Pro V5.app/Contents/Resources/sdk/vexv5/gcc/libs/libc.a(lib_a-fini.o)
 .ARM.attributes
                0x0000000003805ca7       0x2b /Applications/VEXcode Pro V5.app/Contents/Resources/sdk/vexv5/gcc/libs/libc.a(lib_a-impure.o)
 .ARM.attributes
                0x0000000003805cd2       0x2b /Applications/VEXcode Pro V5.app/Contents/Resources/sdk/vexv5/gcc/libs/libc.a(lib_a-init.o)
 .ARM.attributes
                0x0000000003805cfd       0x2b /Applications/VEXcode Pro V5.app/Contents/Resources/sdk/vexv5/gcc/libs/libc.a(lib_a-memcpy.o)
 .ARM.attributes
                0x0000000003805d28       0x1b /Applications/VEXcode Pro V5.app/Contents/Resources/sdk/vexv5/gcc/libs/libgcc.a(_arm_addsubdf3.o)
 .ARM.attributes
                0x0000000003805d43       0x2b /Applications/VEXcode Pro V5.app/Contents/Resources/sdk/vexv5/gcc/libs/libgcc.a(_fixunsdfdi.o)
                0x0000000003805d6e                __ARM.attributes_end = .

.sdata          0x0000000003805688        0x0
                0x0000000003805688                __sdata_start = .
 *(.sdata)
 *(.sdata.*)
 *(.gnu.linkonce.s.*)
                0x0000000003805688                __sdata_end = .

.sbss           0x0000000003805688        0x0
                0x0000000003805688                __sbss_start = .
 *(.sbss)
 *(.sbss.*)
 *(.gnu.linkonce.sb.*)
                0x0000000003805688                __sbss_end = .

.tdata          0x0000000003805688        0x0
                0x0000000003805688                __tdata_start = .
 *(.tdata)
 *(.tdata.*)
 *(.gnu.linkonce.td.*)
                0x0000000003805688                __tdata_end = .

.tbss           0x0000000003805688        0x0
                0x0000000003805688                __tbss_start = .
 *(.tbss)
 *(.tbss.*)
 *(.gnu.linkonce.tb.*)
                0x0000000003805688                __tbss_end = .

.bss            0x0000000003805688      0x6d1
                0x0000000003805688                __bss_start = .
 *(.bss)
 *(.bss.*)
 .bss.state     0x0000000003805688        0x4 build/src/AutonSupport.o
                0x0000000003805688                state
 .bss.FrontLeft
                0x000000000380568c       0x24 build/src/DriveFunctions.o
                0x000000000380568c                FrontLeft
 .bss.BackLeft  0x00000000038056b0       0x24 build/src/DriveFunctions.o
                0x00000000038056b0                BackLeft
 .bss.FrontRight
                0x00000000038056d4       0x24 build/src/DriveFunctions.o
                0x00000000038056d4                FrontRight
 .bss.BackRight
                0x00000000038056f8       0x24 build/src/DriveFunctions.o
                0x00000000038056f8                BackRight
 *fill*         0x000000000380571c        0x4 
 .bss.myGyro    0x0000000003805720       0x30 build/src/DriveFunctions.o
                0x0000000003805720                myGyro
 .bss._ZL6lin_kP
                0x0000000003805750        0x8 build/src/DriveFunctions.o
 .bss._ZL6lin_kI
                0x0000000003805758        0x8 build/src/DriveFunctions.o
 .bss._ZL6lin_kD
                0x0000000003805760        0x8 build/src/DriveFunctions.o
 .bss._ZL6rot_kP
                0x0000000003805768        0x8 build/src/DriveFunctions.o
 .bss._ZL6rot_kI
                0x0000000003805770        0x8 build/src/DriveFunctions.o
 .bss._ZL6rot_kD
                0x0000000003805778        0x8 build/src/DriveFunctions.o
 .bss.Competition
                0x0000000003805780       0x28 build/src/main.o
                0x0000000003805780                Competition
 .bss.Brain     0x00000000038057a8      0x2bc build/src/robot-config.o
                0x00000000038057a8                Brain
 .bss.Controller1
                0x0000000003805a64      0x1e0 build/src/robot-config.o
                0x0000000003805a64                Controller1
 .bss.armL      0x0000000003805c44       0x24 build/src/robot-config.o
                0x0000000003805c44                armL
 .bss.armR      0x0000000003805c68       0x24 build/src/robot-config.o
                0x0000000003805c68                armR
 .bss.claw      0x0000000003805c8c       0x24 build/src/robot-config.o
                0x0000000003805c8c                claw
 .bss.armPot    0x0000000003805cb0       0x1c build/src/robot-config.o
                0x0000000003805cb0                armPot
 .bss.clawBumper
                0x0000000003805ccc       0x20 build/src/robot-config.o
                0x0000000003805ccc                clawBumper
 .bss.__dso_handle
                0x0000000003805cec        0x4 /Applications/VEXcode Pro V5.app/Contents/Resources/sdk/vexv5/libv5rt.a(v5_startup.c.obj)